Archive member included to satisfy reference by file (symbol)

/Applications/STM32CubeIDE.app/Contents/Eclipse/plugins/com.st.stm32cube.ide.mcu.externaltools.gnu-tools-for-stm32.10.3-2021.10.macos64_1.0.200.202301161003/tools/bin/../lib/gcc/arm-none-eabi/10.3.1/../../../../arm-none-eabi/lib/thumb/v7e-m+fp/hard/libc_nano.a(lib_a-errno.o)
                              ./Core/Src/syscalls.o (__errno)
/Applications/STM32CubeIDE.app/Contents/Eclipse/plugins/com.st.stm32cube.ide.mcu.externaltools.gnu-tools-for-stm32.10.3-2021.10.macos64_1.0.200.202301161003/tools/bin/../lib/gcc/arm-none-eabi/10.3.1/../../../../arm-none-eabi/lib/thumb/v7e-m+fp/hard/libc_nano.a(lib_a-exit.o)
                              /Applications/STM32CubeIDE.app/Contents/Eclipse/plugins/com.st.stm32cube.ide.mcu.externaltools.gnu-tools-for-stm32.10.3-2021.10.macos64_1.0.200.202301161003/tools/bin/../lib/gcc/arm-none-eabi/10.3.1/../../../../arm-none-eabi/lib/thumb/v7e-m+fp/hard/crt0.o (exit)
/Applications/STM32CubeIDE.app/Contents/Eclipse/plugins/com.st.stm32cube.ide.mcu.externaltools.gnu-tools-for-stm32.10.3-2021.10.macos64_1.0.200.202301161003/tools/bin/../lib/gcc/arm-none-eabi/10.3.1/../../../../arm-none-eabi/lib/thumb/v7e-m+fp/hard/libc_nano.a(lib_a-impure.o)
                              /Applications/STM32CubeIDE.app/Contents/Eclipse/plugins/com.st.stm32cube.ide.mcu.externaltools.gnu-tools-for-stm32.10.3-2021.10.macos64_1.0.200.202301161003/tools/bin/../lib/gcc/arm-none-eabi/10.3.1/../../../../arm-none-eabi/lib/thumb/v7e-m+fp/hard/libc_nano.a(lib_a-exit.o) (_global_impure_ptr)
/Applications/STM32CubeIDE.app/Contents/Eclipse/plugins/com.st.stm32cube.ide.mcu.externaltools.gnu-tools-for-stm32.10.3-2021.10.macos64_1.0.200.202301161003/tools/bin/../lib/gcc/arm-none-eabi/10.3.1/../../../../arm-none-eabi/lib/thumb/v7e-m+fp/hard/libc_nano.a(lib_a-init.o)
                              /Applications/STM32CubeIDE.app/Contents/Eclipse/plugins/com.st.stm32cube.ide.mcu.externaltools.gnu-tools-for-stm32.10.3-2021.10.macos64_1.0.200.202301161003/tools/bin/../lib/gcc/arm-none-eabi/10.3.1/../../../../arm-none-eabi/lib/thumb/v7e-m+fp/hard/crt0.o (__libc_init_array)
/Applications/STM32CubeIDE.app/Contents/Eclipse/plugins/com.st.stm32cube.ide.mcu.externaltools.gnu-tools-for-stm32.10.3-2021.10.macos64_1.0.200.202301161003/tools/bin/../lib/gcc/arm-none-eabi/10.3.1/../../../../arm-none-eabi/lib/thumb/v7e-m+fp/hard/libc_nano.a(lib_a-memcpy-stub.o)
                              ./Drivers/BNO055/bno055.o (memcpy)
/Applications/STM32CubeIDE.app/Contents/Eclipse/plugins/com.st.stm32cube.ide.mcu.externaltools.gnu-tools-for-stm32.10.3-2021.10.macos64_1.0.200.202301161003/tools/bin/../lib/gcc/arm-none-eabi/10.3.1/../../../../arm-none-eabi/lib/thumb/v7e-m+fp/hard/libc_nano.a(lib_a-memset.o)
                              /Applications/STM32CubeIDE.app/Contents/Eclipse/plugins/com.st.stm32cube.ide.mcu.externaltools.gnu-tools-for-stm32.10.3-2021.10.macos64_1.0.200.202301161003/tools/bin/../lib/gcc/arm-none-eabi/10.3.1/../../../../arm-none-eabi/lib/thumb/v7e-m+fp/hard/crt0.o (memset)
/Applications/STM32CubeIDE.app/Contents/Eclipse/plugins/com.st.stm32cube.ide.mcu.externaltools.gnu-tools-for-stm32.10.3-2021.10.macos64_1.0.200.202301161003/tools/bin/../lib/gcc/arm-none-eabi/10.3.1/../../../../arm-none-eabi/lib/thumb/v7e-m+fp/hard/libc_nano.a(lib_a-printf.o)
                              ./Core/Src/main.o (printf)
/Applications/STM32CubeIDE.app/Contents/Eclipse/plugins/com.st.stm32cube.ide.mcu.externaltools.gnu-tools-for-stm32.10.3-2021.10.macos64_1.0.200.202301161003/tools/bin/../lib/gcc/arm-none-eabi/10.3.1/../../../../arm-none-eabi/lib/thumb/v7e-m+fp/hard/libc_nano.a(lib_a-puts.o)
                              ./Core/Src/main.o (puts)
/Applications/STM32CubeIDE.app/Contents/Eclipse/plugins/com.st.stm32cube.ide.mcu.externaltools.gnu-tools-for-stm32.10.3-2021.10.macos64_1.0.200.202301161003/tools/bin/../lib/gcc/arm-none-eabi/10.3.1/../../../../arm-none-eabi/lib/thumb/v7e-m+fp/hard/libc_nano.a(lib_a-sprintf.o)
                              ./Core/Src/main.o (sprintf)
/Applications/STM32CubeIDE.app/Contents/Eclipse/plugins/com.st.stm32cube.ide.mcu.externaltools.gnu-tools-for-stm32.10.3-2021.10.macos64_1.0.200.202301161003/tools/bin/../lib/gcc/arm-none-eabi/10.3.1/../../../../arm-none-eabi/lib/thumb/v7e-m+fp/hard/libc_nano.a(lib_a-strlen.o)
                              ./Core/Src/main.o (strlen)
/Applications/STM32CubeIDE.app/Contents/Eclipse/plugins/com.st.stm32cube.ide.mcu.externaltools.gnu-tools-for-stm32.10.3-2021.10.macos64_1.0.200.202301161003/tools/bin/../lib/gcc/arm-none-eabi/10.3.1/../../../../arm-none-eabi/lib/thumb/v7e-m+fp/hard/libc_nano.a(lib_a-wbuf.o)
                              /Applications/STM32CubeIDE.app/Contents/Eclipse/plugins/com.st.stm32cube.ide.mcu.externaltools.gnu-tools-for-stm32.10.3-2021.10.macos64_1.0.200.202301161003/tools/bin/../lib/gcc/arm-none-eabi/10.3.1/../../../../arm-none-eabi/lib/thumb/v7e-m+fp/hard/libc_nano.a(lib_a-puts.o) (__swbuf_r)
[...]
Memory Configuration

Name             Origin             Length             Attributes
RAM              0x0000000020000000 0x0000000000018000 xrw
FLASH            0x0000000008000000 0x0000000000080000 xr
*default*        0x0000000000000000 0xffffffffffffffff

Linker script and memory map

LOAD /Applications/STM32CubeIDE.app/Contents/Eclipse/plugins/com.st.stm32cube.ide.mcu.externaltools.gnu-tools-for-stm32.10.3-2021.10.macos64_1.0.200.202301161003/tools/bin/../lib/gcc/arm-none-eabi/10.3.1/thumb/v7e-m+fp/hard/crti.o
LOAD /Applications/STM32CubeIDE.app/Contents/Eclipse/plugins/com.st.stm32cube.ide.mcu.externaltools.gnu-tools-for-stm32.10.3-2021.10.macos64_1.0.200.202301161003/tools/bin/../lib/gcc/arm-none-eabi/10.3.1/thumb/v7e-m+fp/hard/crtbegin.o
LOAD /Applications/STM32CubeIDE.app/Contents/Eclipse/plugins/com.st.stm32cube.ide.mcu.externaltools.gnu-tools-for-stm32.10.3-2021.10.macos64_1.0.200.202301161003/tools/bin/../lib/gcc/arm-none-eabi/10.3.1/../../../../arm-none-eabi/lib/thumb/v7e-m+fp/hard/crt0.o
LOAD ./Core/Src/freertos.o
LOAD ./Core/Src/main.o
LOAD ./Core/Src/stm32f4xx_hal_msp.o
LOAD ./Core/Src/stm32f4xx_hal_timebase_tim.o
LOAD ./Core/Src/stm32f4xx_it.o
LOAD ./Core/Src/syscalls.o
LOAD ./Core/Src/sysmem.o
LOAD ./Core/Src/system_stm32f4xx.o
LOAD ./Core/Startup/startup_stm32f401retx.o
LOAD ./Drivers/BNO055/bno055.o
LOAD ./Drivers/STM32F4xx_HAL_Driver/Src/stm32f4xx_hal.o
LOAD ./Drivers/STM32F4xx_HAL_Driver/Src/stm32f4xx_hal_cortex.o
LOAD ./Drivers/STM32F4xx_HAL_Driver/Src/stm32f4xx_hal_dma.o
LOAD ./Drivers/STM32F4xx_HAL_Driver/Src/stm32f4xx_hal_dma_ex.o
LOAD ./Drivers/STM32F4xx_HAL_Driver/Src/stm32f4xx_hal_exti.o
LOAD ./Drivers/STM32F4xx_HAL_Driver/Src/stm32f4xx_hal_flash.o
LOAD ./Drivers/STM32F4xx_HAL_Driver/Src/stm32f4xx_hal_flash_ex.o
LOAD ./Drivers/STM32F4xx_HAL_Driver/Src/stm32f4xx_hal_flash_ramfunc.o
LOAD ./Drivers/STM32F4xx_HAL_Driver/Src/stm32f4xx_hal_gpio.o
LOAD ./Drivers/STM32F4xx_HAL_Driver/Src/stm32f4xx_hal_i2c.o
LOAD ./Drivers/STM32F4xx_HAL_Driver/Src/stm32f4xx_hal_i2c_ex.o
LOAD ./Drivers/STM32F4xx_HAL_Driver/Src/stm32f4xx_hal_pwr.o
LOAD ./Drivers/STM32F4xx_HAL_Driver/Src/stm32f4xx_hal_pwr_ex.o
LOAD ./Drivers/STM32F4xx_HAL_Driver/Src/stm32f4xx_hal_rcc.o
LOAD ./Drivers/STM32F4xx_HAL_Driver/Src/stm32f4xx_hal_rcc_ex.o
LOAD ./Drivers/STM32F4xx_HAL_Driver/Src/stm32f4xx_hal_tim.o
LOAD ./Drivers/STM32F4xx_HAL_Driver/Src/stm32f4xx_hal_tim_ex.o
LOAD ./Drivers/STM32F4xx_HAL_Driver/Src/stm32f4xx_hal_uart.o
LOAD ./Middlewares/Third_Party/FreeRTOS/Source/CMSIS_RTOS_V2/cmsis_os2.o
LOAD ./Middlewares/Third_Party/FreeRTOS/Source/croutine.o
LOAD ./Middlewares/Third_Party/FreeRTOS/Source/event_groups.o
LOAD ./Middlewares/Third_Party/FreeRTOS/Source/list.o
LOAD ./Middlewares/Third_Party/FreeRTOS/Source/queue.o
LOAD ./Middlewares/Third_Party/FreeRTOS/Source/stream_buffer.o
LOAD ./Middlewares/Third_Party/FreeRTOS/Source/tasks.o
LOAD ./Middlewares/Third_Party/FreeRTOS/Source/timers.o
LOAD ./Middlewares/Third_Party/FreeRTOS/Source/portable/GCC/ARM_CM4F/port.o
LOAD ./Middlewares/Third_Party/FreeRTOS/Source/portable/MemMang/heap_4.o
START GROUP
LOAD /Applications/STM32CubeIDE.app/Contents/Eclipse/plugins/com.st.stm32cube.ide.mcu.externaltools.gnu-tools-for-stm32.10.3-2021.10.macos64_1.0.200.202301161003/tools/bin/../lib/gcc/arm-none-eabi/10.3.1/../../../../arm-none-eabi/lib/thumb/v7e-m+fp/hard/libc_nano.a
LOAD /Applications/STM32CubeIDE.app/Contents/Eclipse/plugins/com.st.stm32cube.ide.mcu.externaltools.gnu-tools-for-stm32.10.3-2021.10.macos64_1.0.200.202301161003/tools/bin/../lib/gcc/arm-none-eabi/10.3.1/../../../../arm-none-eabi/lib/thumb/v7e-m+fp/hard/libm.a
END GROUP
START GROUP
LOAD /Applications/STM32CubeIDE.app/Contents/Eclipse/plugins/com.st.stm32cube.ide.mcu.externaltools.gnu-tools-for-stm32.10.3-2021.10.macos64_1.0.200.202301161003/tools/bin/../lib/gcc/arm-none-eabi/10.3.1/thumb/v7e-m+fp/hard/libgcc.a
LOAD /Applications/STM32CubeIDE.app/Contents/Eclipse/plugins/com.st.stm32cube.ide.mcu.externaltools.gnu-tools-for-stm32.10.3-2021.10.macos64_1.0.200.202301161003/tools/bin/../lib/gcc/arm-none-eabi/10.3.1/../../../../arm-none-eabi/lib/thumb/v7e-m+fp/hard/libc_nano.a
END GROUP
START GROUP
LOAD /Applications/STM32CubeIDE.app/Contents/Eclipse/plugins/com.st.stm32cube.ide.mcu.externaltools.gnu-tools-for-stm32.10.3-2021.10.macos64_1.0.200.202301161003/tools/bin/../lib/gcc/arm-none-eabi/10.3.1/thumb/v7e-m+fp/hard/libgcc.a
LOAD /Applications/STM32CubeIDE.app/Contents/Eclipse/plugins/com.st.stm32cube.ide.mcu.externaltools.gnu-tools-for-stm32.10.3-2021.10.macos64_1.0.200.202301161003/tools/bin/../lib/gcc/arm-none-eabi/10.3.1/../../../../arm-none-eabi/lib/thumb/v7e-m+fp/hard/libc_nano.a
LOAD /Applications/STM32CubeIDE.app/Contents/Eclipse/plugins/com.st.stm32cube.ide.mcu.externaltools.gnu-tools-for-stm32.10.3-2021.10.macos64_1.0.200.202301161003/tools/bin/../lib/gcc/arm-none-eabi/10.3.1/../../../../arm-none-eabi/lib/thumb/v7e-m+fp/hard/libnosys.a
END GROUP
START GROUP
LOAD /Applications/STM32CubeIDE.app/Contents/Eclipse/plugins/com.st.stm32cube.ide.mcu.externaltools.gnu-tools-for-stm32.10.3-2021.10.macos64_1.0.200.202301161003/tools/bin/../lib/gcc/arm-none-eabi/10.3.1/thumb/v7e-m+fp/hard/libgcc.a
LOAD /Applications/STM32CubeIDE.app/Contents/Eclipse/plugins/com.st.stm32cube.ide.mcu.externaltools.gnu-tools-for-stm32.10.3-2021.10.macos64_1.0.200.202301161003/tools/bin/../lib/gcc/arm-none-eabi/10.3.1/../../../../arm-none-eabi/lib/thumb/v7e-m+fp/hard/libc_nano.a
LOAD /Applications/STM32CubeIDE.app/Contents/Eclipse/plugins/com.st.stm32cube.ide.mcu.externaltools.gnu-tools-for-stm32.10.3-2021.10.macos64_1.0.200.202301161003/tools/bin/../lib/gcc/arm-none-eabi/10.3.1/../../../../arm-none-eabi/lib/thumb/v7e-m+fp/hard/libnosys.a
END GROUP
LOAD /Applications/STM32CubeIDE.app/Contents/Eclipse/plugins/com.st.stm32cube.ide.mcu.externaltools.gnu-tools-for-stm32.10.3-2021.10.macos64_1.0.200.202301161003/tools/bin/../lib/gcc/arm-none-eabi/10.3.1/thumb/v7e-m+fp/hard/crtend.o
LOAD /Applications/STM32CubeIDE.app/Contents/Eclipse/plugins/com.st.stm32cube.ide.mcu.externaltools.gnu-tools-for-stm32.10.3-2021.10.macos64_1.0.200.202301161003/tools/bin/../lib/gcc/arm-none-eabi/10.3.1/thumb/v7e-m+fp/hard/crtn.o
                0x0000000020018000                _estack = (ORIGIN (RAM) + LENGTH (RAM))
                0x0000000000000200                _Min_Heap_Size = 0x200
                0x0000000000000400                _Min_Stack_Size = 0x400

.isr_vector     0x0000000008000000      0x194
                0x0000000008000000                . = ALIGN (0x4)
 *(.isr_vector)
 .isr_vector    0x0000000008000000      0x194 ./Core/Startup/startup_stm32f401retx.o
                0x0000000008000000                g_pfnVectors
                0x0000000008000194                . = ALIGN (0x4)

.text           0x00000000080001a0     0xa1ec
                0x00000000080001a0                . = ALIGN (0x4)
 *(.text)
 .text          0x00000000080001a0       0x40 /Applications/STM32CubeIDE.app/Contents/Eclipse/plugins/com.st.stm32cube.ide.mcu.externaltools.gnu-tools-for-stm32.10.3-2021.10.macos64_1.0.200.202301161003/tools/bin/../lib/gcc/arm-none-eabi/10.3.1/thumb/v7e-m+fp/hard/crtbegin.o
 .text          0x00000000080001e0       0x10 /Applications/STM32CubeIDE.app/Contents/Eclipse/plugins/com.st.stm32cube.ide.mcu.externaltools.gnu-tools-for-stm32.10.3-2021.10.macos64_1.0.200.202301161003/tools/bin/../lib/gcc/arm-none-eabi/10.3.1/../../../../arm-none-eabi/lib/thumb/v7e-m+fp/hard/libc_nano.a(lib_a-strlen.o)
                0x00000000080001e0                strlen
 .text          0x00000000080001f0       0xa0 /Applications/STM32CubeIDE.app/Contents/Eclipse/plugins/com.st.stm32cube.ide.mcu.externaltools.gnu-tools-for-stm32.10.3-2021.10.macos64_1.0.200.202301161003/tools/bin/../lib/gcc/arm-none-eabi/10.3.1/../../../../arm-none-eabi/lib/thumb/v7e-m+fp/hard/libc_nano.a(lib_a-memchr.o)
                0x00000000080001f0                memchr
 .text          0x0000000008000290      0x378 /Applications/STM32CubeIDE.app/Contents/Eclipse/plugins/com.st.stm32cube.ide.mcu.externaltools.gnu-tools-for-stm32.10.3-2021.10.macos64_1.0.200.202301161003/tools/bin/../lib/gcc/arm-none-eabi/10.3.1/thumb/v7e-m+fp/hard/libgcc.a(_arm_addsubdf3.o)
                0x0000000008000290                __aeabi_drsub
                0x0000000008000298                __subdf3
                0x0000000008000298                __aeabi_dsub
                0x000000000800029c                __aeabi_dadd
                0x000000000800029c                __adddf3
                0x0000000008000514                __aeabi_ui2d
                0x0000000008000514                __floatunsidf
                0x0000000008000534                __floatsidf
                0x0000000008000534                __aeabi_i2d
                0x0000000008000558                __extendsfdf2
                0x0000000008000558                __aeabi_f2d
                0x000000000800059c                __aeabi_ul2d
                0x000000000800059c                __floatundidf
                0x00000000080005ac                __aeabi_l2d
                0x00000000080005ac                __floatdidf
 .text          0x0000000008000608      0x424 /Applications/STM32CubeIDE.app/Contents/Eclipse/plugins/com.st.stm32cube.ide.mcu.externaltools.gnu-tools-for-stm32.10.3-2021.10.macos64_1.0.200.202301161003/tools/bin/../lib/gcc/arm-none-eabi/10.3.1/thumb/v7e-m+fp/hard/libgcc.a(_arm_muldivdf3.o)
                0x0000000008000608                __aeabi_dmul
                0x0000000008000608                __muldf3
                0x000000000800085c                __aeabi_ddiv
                0x000000000800085c                __divdf3
 .text          0x0000000008000a2c      0x110 /Applications/STM32CubeIDE.app/Contents/Eclipse/plugins/com.st.stm32cube.ide.mcu.externaltools.gnu-tools-for-stm32.10.3-2021.10.macos64_1.0.200.202301161003/tools/bin/../lib/gcc/arm-none-eabi/10.3.1/thumb/v7e-m+fp/hard/libgcc.a(_arm_cmpdf2.o)
                0x0000000008000a2c                __gedf2
                0x0000000008000a2c                __gtdf2
                0x0000000008000a34                __ledf2
                0x0000000008000a34                __ltdf2
                0x0000000008000a3c                __cmpdf2
                0x0000000008000a3c                __eqdf2
                0x0000000008000a3c                __nedf2
                0x0000000008000ab8                __aeabi_cdrcmple
                0x0000000008000ac8                __aeabi_cdcmple
                0x0000000008000ac8                __aeabi_cdcmpeq
                0x0000000008000ad8                __aeabi_dcmpeq
                0x0000000008000aec                __aeabi_dcmplt
                0x0000000008000b00                __aeabi_dcmple
                0x0000000008000b14                __aeabi_dcmpge
                0x0000000008000b28                __aeabi_dcmpgt
 .text          0x0000000008000b3c       0x2c /Applications/STM32CubeIDE.app/Contents/Eclipse/plugins/com.st.stm32cube.ide.mcu.externaltools.gnu-tools-for-stm32.10.3-2021.10.macos64_1.0.200.202301161003/tools/bin/../lib/gcc/arm-none-eabi/10.3.1/thumb/v7e-m+fp/hard/libgcc.a(_arm_unorddf2.o)
                0x0000000008000b3c                __aeabi_dcmpun
                0x0000000008000b3c                __unorddf2
 .text          0x0000000008000b68       0x50 /Applications/STM32CubeIDE.app/Contents/Eclipse/plugins/com.st.stm32cube.ide.mcu.externaltools.gnu-tools-for-stm32.10.3-2021.10.macos64_1.0.200.202301161003/tools/bin/../lib/gcc/arm-none-eabi/10.3.1/thumb/v7e-m+fp/hard/libgcc.a(_arm_fixdfsi.o)
                0x0000000008000b68                __fixdfsi
                0x0000000008000b68                __aeabi_d2iz
 .text          0x0000000008000bb8       0x30 /Applications/STM32CubeIDE.app/Contents/Eclipse/plugins/com.st.stm32cube.ide.mcu.externaltools.gnu-tools-for-stm32.10.3-2021.10.macos64_1.0.200.202301161003/tools/bin/../lib/gcc/arm-none-eabi/10.3.1/thumb/v7e-m+fp/hard/libgcc.a(_aeabi_uldivmod.o)
                0x0000000008000bb8                __aeabi_uldivmod
 .text          0x0000000008000be8      0x2d0 /Applications/STM32CubeIDE.app/Contents/Eclipse/plugins/com.st.stm32cube.ide.mcu.externaltools.gnu-tools-for-stm32.10.3-2021.10.macos64_1.0.200.202301161003/tools/bin/../lib/gcc/arm-none-eabi/10.3.1/thumb/v7e-m+fp/hard/libgcc.a(_udivmoddi4.o)
                0x0000000008000be8                __udivmoddi4
 .text          0x0000000008000eb8        0x4 /Applications/STM32CubeIDE.app/Contents/Eclipse/plugins/com.st.stm32cube.ide.mcu.externaltools.gnu-tools-for-stm32.10.3-2021.10.macos64_1.0.200.202301161003/tools/bin/../lib/gcc/arm-none-eabi/10.3.1/thumb/v7e-m+fp/hard/libgcc.a(_dvmd_tls.o)
                0x0000000008000eb8                __aeabi_ldiv0
                0x0000000008000eb8                __aeabi_idiv0
 *(.text*)
 .text.bno055_assignI2C
                0x0000000008000ebc       0x20 ./Core/Src/main.o
                0x0000000008000ebc                bno055_assignI2C
 .text.bno055_delay
                0x0000000008000edc       0x18 ./Core/Src/main.o
                0x0000000008000edc                bno055_delay
 .text.bno055_writeData
                0x0000000008000ef4      0x1d8 ./Core/Src/main.o
                0x0000000008000ef4                bno055_writeData
 .text.bno055_readData
                0x00000000080010cc       0x44 ./Core/Src/main.o
                0x00000000080010cc                bno055_readData
 .text.tvec_toString
                0x0000000008001110      0x18c ./Core/Src/main.o
 .text._write   0x000000000800129c       0x2c ./Core/Src/main.o
                0x000000000800129c                _write
 .text.dSign    0x00000000080012c8       0x68 ./Core/Src/main.o
                0x00000000080012c8                dSign
 .text.main     0x0000000008001330       0xc4 ./Core/Src/main.o
                0x0000000008001330                main
 .text.SystemClock_Config
                0x00000000080013f4       0xd4 ./Core/Src/main.o
                0x00000000080013f4                SystemClock_Config
 .text.MX_I2C1_Init
                0x00000000080014c8       0x5c ./Core/Src/main.o
 .text.MX_USART2_UART_Init
                0x0000000008001524       0x54 ./Core/Src/main.o
 .text.MX_GPIO_Init
                0x0000000008001578       0xdc ./Core/Src/main.o
 .text.StartDefaultTask
                0x0000000008001654       0xbc ./Core/Src/main.o
                0x0000000008001654                StartDefaultTask
 .text.ReadIMU  0x0000000008001710       0xb8 ./Core/Src/main.o
                0x0000000008001710                ReadIMU
 .text.EvaluatePID
                0x00000000080017c8      0x3b0 ./Core/Src/main.o
                0x00000000080017c8                EvaluatePID
 .text.HAL_TIM_PeriodElapsedCallback
                0x0000000008001b78       0x24 ./Core/Src/main.o
                0x0000000008001b78                HAL_TIM_PeriodElapsedCallback
 .text.Error_Handler
                0x0000000008001b9c        0xa ./Core/Src/main.o
                0x0000000008001b9c                Error_Handler
 *fill*         0x0000000008001ba6        0x2 
 .text.HAL_MspInit
                0x0000000008001ba8       0x58 ./Core/Src/stm32f4xx_hal_msp.o
                0x0000000008001ba8                HAL_MspInit
 .text.HAL_I2C_MspInit
                0x0000000008001c00       0x90 ./Core/Src/stm32f4xx_hal_msp.o
                0x0000000008001c00                HAL_I2C_MspInit
 .text.HAL_UART_MspInit
                0x0000000008001c90       0x90 ./Core/Src/stm32f4xx_hal_msp.o
                0x0000000008001c90                HAL_UART_MspInit
 .text.HAL_InitTick
                0x0000000008001d20       0xe4 ./Core/Src/stm32f4xx_hal_timebase_tim.o
                0x0000000008001d20                HAL_InitTick
 .text.NMI_Handler
                0x0000000008001e04        0x6 ./Core/Src/stm32f4xx_it.o
                0x0000000008001e04                NMI_Handler
 .text.HardFault_Handler
                0x0000000008001e0a        0x6 ./Core/Src/stm32f4xx_it.o
                0x0000000008001e0a                HardFault_Handler
 .text.MemManage_Handler
                0x0000000008001e10        0x6 ./Core/Src/stm32f4xx_it.o
                0x0000000008001e10                MemManage_Handler
 .text.BusFault_Handler
                0x0000000008001e16        0x6 ./Core/Src/stm32f4xx_it.o
                0x0000000008001e16                BusFault_Handler
 .text.UsageFault_Handler
                0x0000000008001e1c        0x6 ./Core/Src/stm32f4xx_it.o
                0x0000000008001e1c                UsageFault_Handler
 .text.DebugMon_Handler
                0x0000000008001e22        0xe ./Core/Src/stm32f4xx_it.o
                0x0000000008001e22                DebugMon_Handler
 .text.TIM1_UP_TIM10_IRQHandler
                0x0000000008001e30       0x14 ./Core/Src/stm32f4xx_it.o
                0x0000000008001e30                TIM1_UP_TIM10_IRQHandler
 .text._read    0x0000000008001e44       0x3a ./Core/Src/syscalls.o
                0x0000000008001e44                _read
 .text._close   0x0000000008001e7e       0x18 ./Core/Src/syscalls.o
                0x0000000008001e7e                _close
 .text._fstat   0x0000000008001e96       0x20 ./Core/Src/syscalls.o
                0x0000000008001e96                _fstat
 .text._isatty  0x0000000008001eb6       0x16 ./Core/Src/syscalls.o
                0x0000000008001eb6                _isatty
 .text._lseek   0x0000000008001ecc       0x1a ./Core/Src/syscalls.o
                0x0000000008001ecc                _lseek
 *fill*         0x0000000008001ee6        0x2 
 .text._sbrk    0x0000000008001ee8       0x6c ./Core/Src/sysmem.o
                0x0000000008001ee8                _sbrk
 .text.SystemInit
                0x0000000008001f54       0x24 ./Core/Src/system_stm32f4xx.o
                0x0000000008001f54                SystemInit
 .text.Reset_Handler
                0x0000000008001f78       0x50 ./Core/Startup/startup_stm32f401retx.o
                0x0000000008001f78                Reset_Handler
 .text.Default_Handler
                0x0000000008001fc8        0x2 ./Core/Startup/startup_stm32f401retx.o
                0x0000000008001fc8                DMA1_Stream3_IRQHandler
                0x0000000008001fc8                EXTI2_IRQHandler
                0x0000000008001fc8                SPI4_IRQHandler
                0x0000000008001fc8                TIM1_CC_IRQHandler
                0x0000000008001fc8                DMA2_Stream5_IRQHandler
                0x0000000008001fc8                DMA1_Stream5_IRQHandler
                0x0000000008001fc8                PVD_IRQHandler
                0x0000000008001fc8                SDIO_IRQHandler
                0x0000000008001fc8                TAMP_STAMP_IRQHandler
                0x0000000008001fc8                EXTI3_IRQHandler
                0x0000000008001fc8                I2C3_ER_IRQHandler
                0x0000000008001fc8                EXTI0_IRQHandler
                0x0000000008001fc8                I2C2_EV_IRQHandler
                0x0000000008001fc8                DMA1_Stream2_IRQHandler
                0x0000000008001fc8                FPU_IRQHandler
                0x0000000008001fc8                DMA2_Stream2_IRQHandler
                0x0000000008001fc8                SPI1_IRQHandler
                0x0000000008001fc8                TIM1_BRK_TIM9_IRQHandler
                0x0000000008001fc8                DMA2_Stream3_IRQHandler
                0x0000000008001fc8                USART6_IRQHandler
                0x0000000008001fc8                DMA2_Stream0_IRQHandler
                0x0000000008001fc8                TIM4_IRQHandler
                0x0000000008001fc8                I2C1_EV_IRQHandler
                0x0000000008001fc8                DMA1_Stream6_IRQHandler
                0x0000000008001fc8                DMA1_Stream1_IRQHandler
                0x0000000008001fc8                TIM3_IRQHandler
                0x0000000008001fc8                RCC_IRQHandler
                0x0000000008001fc8                Default_Handler
                0x0000000008001fc8                EXTI15_10_IRQHandler
                0x0000000008001fc8                ADC_IRQHandler
                0x0000000008001fc8                DMA1_Stream7_IRQHandler
                0x0000000008001fc8                TIM5_IRQHandler
                0x0000000008001fc8                DMA2_Stream7_IRQHandler
                0x0000000008001fc8                I2C3_EV_IRQHandler
                0x0000000008001fc8                EXTI9_5_IRQHandler
                0x0000000008001fc8                RTC_WKUP_IRQHandler
                0x0000000008001fc8                SPI2_IRQHandler
                0x0000000008001fc8                DMA1_Stream0_IRQHandler
                0x0000000008001fc8                EXTI4_IRQHandler
                0x0000000008001fc8                WWDG_IRQHandler
                0x0000000008001fc8                TIM2_IRQHandler
                0x0000000008001fc8                OTG_FS_WKUP_IRQHandler
                0x0000000008001fc8                TIM1_TRG_COM_TIM11_IRQHandler
                0x0000000008001fc8                EXTI1_IRQHandler
                0x0000000008001fc8                USART2_IRQHandler
                0x0000000008001fc8                I2C2_ER_IRQHandler
                0x0000000008001fc8                DMA2_Stream1_IRQHandler
                0x0000000008001fc8                FLASH_IRQHandler
                0x0000000008001fc8                DMA2_Stream4_IRQHandler
                0x0000000008001fc8                USART1_IRQHandler
                0x0000000008001fc8                OTG_FS_IRQHandler
                0x0000000008001fc8                SPI3_IRQHandler
                0x0000000008001fc8                DMA1_Stream4_IRQHandler
                0x0000000008001fc8                I2C1_ER_IRQHandler
                0x0000000008001fc8                DMA2_Stream6_IRQHandler
                0x0000000008001fc8                RTC_Alarm_IRQHandler
 .text.bno055_setPage
                0x0000000008001fca       0x1c ./Drivers/BNO055/bno055.o
                0x0000000008001fca                bno055_setPage
 .text.bno055_setOperationMode
                0x0000000008001fe6       0x30 ./Drivers/BNO055/bno055.o
                0x0000000008001fe6                bno055_setOperationMode
 .text.bno055_setOperationModeConfig
                0x0000000008002016        0xe ./Drivers/BNO055/bno055.o
                0x0000000008002016                bno055_setOperationModeConfig
 .text.bno055_setOperationModeNDOF
                0x0000000008002024        0xe ./Drivers/BNO055/bno055.o
                0x0000000008002024                bno055_setOperationModeNDOF
 .text.bno055_reset
                0x0000000008002032       0x18 ./Drivers/BNO055/bno055.o
                0x0000000008002032                bno055_reset
 *fill*         0x000000000800204a        0x2 
 .text.bno055_setup
                0x000000000800204c       0x50 ./Drivers/BNO055/bno055.o
                0x000000000800204c                bno055_setup
 .text.bno055_getVector
                0x000000000800209c      0x288 ./Drivers/BNO055/bno055.o
                0x000000000800209c                bno055_getVector
 .text.bno055_getVectorEuler
                0x0000000008002324       0x86 ./Drivers/BNO055/bno055.o
                0x0000000008002324                bno055_getVectorEuler
 *fill*         0x00000000080023aa        0x2 
 .text.HAL_Init
                0x00000000080023ac       0x44 ./Drivers/STM32F4xx_HAL_Driver/Src/stm32f4xx_hal.o
                0x00000000080023ac                HAL_Init
 .text.HAL_IncTick
                0x00000000080023f0       0x28 ./Drivers/STM32F4xx_HAL_Driver/Src/stm32f4xx_hal.o
                0x00000000080023f0                HAL_IncTick
 .text.HAL_GetTick
                0x0000000008002418       0x18 ./Drivers/STM32F4xx_HAL_Driver/Src/stm32f4xx_hal.o
                0x0000000008002418                HAL_GetTick
 .text.HAL_Delay
                0x0000000008002430       0x48 ./Drivers/STM32F4xx_HAL_Driver/Src/stm32f4xx_hal.o
                0x0000000008002430                HAL_Delay
 .text.__NVIC_SetPriorityGrouping
                0x0000000008002478       0x48 ./Drivers/STM32F4xx_HAL_Driver/Src/stm32f4xx_hal_cortex.o
 .text.__NVIC_GetPriorityGrouping
                0x00000000080024c0       0x1c ./Drivers/STM32F4xx_HAL_Driver/Src/stm32f4xx_hal_cortex.o
 .text.__NVIC_EnableIRQ
                0x00000000080024dc       0x3c ./Drivers/STM32F4xx_HAL_Driver/Src/stm32f4xx_hal_cortex.o
 .text.__NVIC_SetPriority
                0x0000000008002518       0x54 ./Drivers/STM32F4xx_HAL_Driver/Src/stm32f4xx_hal_cortex.o
 .text.NVIC_EncodePriority
                0x000000000800256c       0x66 ./Drivers/STM32F4xx_HAL_Driver/Src/stm32f4xx_hal_cortex.o
 .text.HAL_NVIC_SetPriorityGrouping
                0x00000000080025d2       0x16 ./Drivers/STM32F4xx_HAL_Driver/Src/stm32f4xx_hal_cortex.o
                0x00000000080025d2                HAL_NVIC_SetPriorityGrouping
 .text.HAL_NVIC_SetPriority
                0x00000000080025e8       0x38 ./Drivers/STM32F4xx_HAL_Driver/Src/stm32f4xx_hal_cortex.o
                0x00000000080025e8                HAL_NVIC_SetPriority
 .text.HAL_NVIC_EnableIRQ
                0x0000000008002620       0x1c ./Drivers/STM32F4xx_HAL_Driver/Src/stm32f4xx_hal_cortex.o
                0x0000000008002620                HAL_NVIC_EnableIRQ
 .text.HAL_GPIO_Init
                0x000000000800263c      0x308 ./Drivers/STM32F4xx_HAL_Driver/Src/stm32f4xx_hal_gpio.o
                0x000000000800263c                HAL_GPIO_Init
 .text.HAL_GPIO_WritePin
                0x0000000008002944       0x32 ./Drivers/STM32F4xx_HAL_Driver/Src/stm32f4xx_hal_gpio.o
                0x0000000008002944                HAL_GPIO_WritePin
 .text.HAL_GPIO_TogglePin
                0x0000000008002976       0x34 ./Drivers/STM32F4xx_HAL_Driver/Src/stm32f4xx_hal_gpio.o
                0x0000000008002976                HAL_GPIO_TogglePin
 *fill*         0x00000000080029aa        0x2 
 .text.HAL_I2C_Init
                0x00000000080029ac      0x288 ./Drivers/STM32F4xx_HAL_Driver/Src/stm32f4xx_hal_i2c.o
                0x00000000080029ac                HAL_I2C_Init
 .text.HAL_I2C_Master_Transmit
                0x0000000008002c34      0x1fc ./Drivers/STM32F4xx_HAL_Driver/Src/stm32f4xx_hal_i2c.o
                0x0000000008002c34                HAL_I2C_Master_Transmit
 .text.HAL_I2C_Master_Receive
                0x0000000008002e30      0x44c ./Drivers/STM32F4xx_HAL_Driver/Src/stm32f4xx_hal_i2c.o
                0x0000000008002e30                HAL_I2C_Master_Receive
 .text.HAL_I2C_GetState
                0x000000000800327c       0x1c ./Drivers/STM32F4xx_HAL_Driver/Src/stm32f4xx_hal_i2c.o
                0x000000000800327c                HAL_I2C_GetState
 .text.HAL_I2C_GetError
                0x0000000008003298       0x18 ./Drivers/STM32F4xx_HAL_Driver/Src/stm32f4xx_hal_i2c.o
                0x0000000008003298                HAL_I2C_GetError
 .text.I2C_MasterRequestWrite
                0x00000000080032b0      0x104 ./Drivers/STM32F4xx_HAL_Driver/Src/stm32f4xx_hal_i2c.o
 .text.I2C_MasterRequestRead
                0x00000000080033b4      0x19c ./Drivers/STM32F4xx_HAL_Driver/Src/stm32f4xx_hal_i2c.o
 .text.I2C_WaitOnFlagUntilTimeout
                0x0000000008003550       0xae ./Drivers/STM32F4xx_HAL_Driver/Src/stm32f4xx_hal_i2c.o
 .text.I2C_WaitOnMasterAddressFlagUntilTimeout
                0x00000000080035fe       0xfe ./Drivers/STM32F4xx_HAL_Driver/Src/stm32f4xx_hal_i2c.o
 .text.I2C_WaitOnTXEFlagUntilTimeout
                0x00000000080036fc       0x82 ./Drivers/STM32F4xx_HAL_Driver/Src/stm32f4xx_hal_i2c.o
 .text.I2C_WaitOnBTFFlagUntilTimeout
                0x000000000800377e       0x82 ./Drivers/STM32F4xx_HAL_Driver/Src/stm32f4xx_hal_i2c.o
 .text.I2C_WaitOnRXNEFlagUntilTimeout
                0x0000000008003800       0xac ./Drivers/STM32F4xx_HAL_Driver/Src/stm32f4xx_hal_i2c.o
 .text.I2C_IsAcknowledgeFailed
                0x00000000080038ac       0x5e ./Drivers/STM32F4xx_HAL_Driver/Src/stm32f4xx_hal_i2c.o
 *fill*         0x000000000800390a        0x2 
 .text.HAL_RCC_OscConfig
                0x000000000800390c      0x4f0 ./Drivers/STM32F4xx_HAL_Driver/Src/stm32f4xx_hal_rcc.o
                0x000000000800390c                HAL_RCC_OscConfig
 .text.HAL_RCC_ClockConfig
                0x0000000008003dfc      0x1cc ./Drivers/STM32F4xx_HAL_Driver/Src/stm32f4xx_hal_rcc.o
                0x0000000008003dfc                HAL_RCC_ClockConfig
 .text.HAL_RCC_GetSysClockFreq
                0x0000000008003fc8      0x20c ./Drivers/STM32F4xx_HAL_Driver/Src/stm32f4xx_hal_rcc.o
                0x0000000008003fc8                HAL_RCC_GetSysClockFreq
 .text.HAL_RCC_GetHCLKFreq
                0x00000000080041d4       0x18 ./Drivers/STM32F4xx_HAL_Driver/Src/stm32f4xx_hal_rcc.o
                0x00000000080041d4                HAL_RCC_GetHCLKFreq
 .text.HAL_RCC_GetPCLK1Freq
                0x00000000080041ec       0x28 ./Drivers/STM32F4xx_HAL_Driver/Src/stm32f4xx_hal_rcc.o
                0x00000000080041ec                HAL_RCC_GetPCLK1Freq
 .text.HAL_RCC_GetPCLK2Freq
                0x0000000008004214       0x28 ./Drivers/STM32F4xx_HAL_Driver/Src/stm32f4xx_hal_rcc.o
                0x0000000008004214                HAL_RCC_GetPCLK2Freq
 .text.HAL_RCC_GetClockConfig
                0x000000000800423c       0x64 ./Drivers/STM32F4xx_HAL_Driver/Src/stm32f4xx_hal_rcc.o
                0x000000000800423c                HAL_RCC_GetClockConfig
 .text.HAL_TIM_Base_Init
                0x00000000080042a0       0x9e ./Drivers/STM32F4xx_HAL_Driver/Src/stm32f4xx_hal_tim.o
                0x00000000080042a0                HAL_TIM_Base_Init
 .text.HAL_TIM_Base_MspInit
                0x000000000800433e       0x14 ./Drivers/STM32F4xx_HAL_Driver/Src/stm32f4xx_hal_tim.o
                0x000000000800433e                HAL_TIM_Base_MspInit
 *fill*         0x0000000008004352        0x2 
 .text.HAL_TIM_Base_Start_IT
                0x0000000008004354       0xc4 ./Drivers/STM32F4xx_HAL_Driver/Src/stm32f4xx_hal_tim.o
                0x0000000008004354                HAL_TIM_Base_Start_IT
 .text.HAL_TIM_IRQHandler
                0x0000000008004418      0x210 ./Drivers/STM32F4xx_HAL_Driver/Src/stm32f4xx_hal_tim.o
                0x0000000008004418                HAL_TIM_IRQHandler
 .text.HAL_TIM_OC_DelayElapsedCallback
                0x0000000008004628       0x14 ./Drivers/STM32F4xx_HAL_Driver/Src/stm32f4xx_hal_tim.o
                0x0000000008004628                HAL_TIM_OC_DelayElapsedCallback
 .text.HAL_TIM_IC_CaptureCallback
                0x000000000800463c       0x14 ./Drivers/STM32F4xx_HAL_Driver/Src/stm32f4xx_hal_tim.o
                0x000000000800463c                HAL_TIM_IC_CaptureCallback
 .text.HAL_TIM_PWM_PulseFinishedCallback
                0x0000000008004650       0x14 ./Drivers/STM32F4xx_HAL_Driver/Src/stm32f4xx_hal_tim.o
                0x0000000008004650                HAL_TIM_PWM_PulseFinishedCallback
 .text.HAL_TIM_TriggerCallback
                0x0000000008004664       0x14 ./Drivers/STM32F4xx_HAL_Driver/Src/stm32f4xx_hal_tim.o
                0x0000000008004664                HAL_TIM_TriggerCallback
 .text.TIM_Base_SetConfig
                0x0000000008004678      0x100 ./Drivers/STM32F4xx_HAL_Driver/Src/stm32f4xx_hal_tim.o
                0x0000000008004678                TIM_Base_SetConfig
 .text.HAL_TIMEx_CommutCallback
                0x0000000008004778       0x14 ./Drivers/STM32F4xx_HAL_Driver/Src/stm32f4xx_hal_tim_ex.o
                0x0000000008004778                HAL_TIMEx_CommutCallback
 .text.HAL_TIMEx_BreakCallback
                0x000000000800478c       0x14 ./Drivers/STM32F4xx_HAL_Driver/Src/stm32f4xx_hal_tim_ex.o
                0x000000000800478c                HAL_TIMEx_BreakCallback
 .text.HAL_UART_Init
                0x00000000080047a0       0x9a ./Drivers/STM32F4xx_HAL_Driver/Src/stm32f4xx_hal_uart.o
                0x00000000080047a0                HAL_UART_Init
 .text.HAL_UART_Transmit
                0x000000000800483a      0x124 ./Drivers/STM32F4xx_HAL_Driver/Src/stm32f4xx_hal_uart.o
                0x000000000800483a                HAL_UART_Transmit
 .text.UART_WaitOnFlagUntilTimeout
                0x000000000800495e       0xdc ./Drivers/STM32F4xx_HAL_Driver/Src/stm32f4xx_hal_uart.o
 *fill*         0x0000000008004a3a        0x2 
 .text.UART_SetConfig
                0x0000000008004a3c      0x4e8 ./Drivers/STM32F4xx_HAL_Driver/Src/stm32f4xx_hal_uart.o
 .text.__NVIC_SetPriority
                0x0000000008004f24       0x54 ./Middlewares/Third_Party/FreeRTOS/Source/CMSIS_RTOS_V2/cmsis_os2.o
 .text.SysTick_Handler
                0x0000000008004f78       0x20 ./Middlewares/Third_Party/FreeRTOS/Source/CMSIS_RTOS_V2/cmsis_os2.o
                0x0000000008004f78                SysTick_Handler
 .text.SVC_Setup
                0x0000000008004f98       0x12 ./Middlewares/Third_Party/FreeRTOS/Source/CMSIS_RTOS_V2/cmsis_os2.o
 *fill*         0x0000000008004faa        0x2 
 .text.osKernelInitialize
                0x0000000008004fac       0x48 ./Middlewares/Third_Party/FreeRTOS/Source/CMSIS_RTOS_V2/cmsis_os2.o
                0x0000000008004fac                osKernelInitialize
 .text.osKernelStart
                0x0000000008004ff4       0x4c ./Middlewares/Third_Party/FreeRTOS/Source/CMSIS_RTOS_V2/cmsis_os2.o
                0x0000000008004ff4                osKernelStart
 .text.osThreadNew
                0x0000000008005040      0x124 ./Middlewares/Third_Party/FreeRTOS/Source/CMSIS_RTOS_V2/cmsis_os2.o
                0x0000000008005040                osThreadNew
 .text.osDelay  0x0000000008005164       0x36 ./Middlewares/Third_Party/FreeRTOS/Source/CMSIS_RTOS_V2/cmsis_os2.o
                0x0000000008005164                osDelay
 .text.osEventFlagsNew
                0x000000000800519a       0x7e ./Middlewares/Third_Party/FreeRTOS/Source/CMSIS_RTOS_V2/cmsis_os2.o
                0x000000000800519a                osEventFlagsNew
 .text.osEventFlagsSet
                0x0000000008005218       0x88 ./Middlewares/Third_Party/FreeRTOS/Source/CMSIS_RTOS_V2/cmsis_os2.o
                0x0000000008005218                osEventFlagsSet
 .text.osEventFlagsClear
                0x00000000080052a0       0x64 ./Middlewares/Third_Party/FreeRTOS/Source/CMSIS_RTOS_V2/cmsis_os2.o
                0x00000000080052a0                osEventFlagsClear
 .text.osEventFlagsWait
                0x0000000008005304       0xcc ./Middlewares/Third_Party/FreeRTOS/Source/CMSIS_RTOS_V2/cmsis_os2.o
                0x0000000008005304                osEventFlagsWait
 .text.osMutexNew
                0x00000000080053d0      0x10c ./Middlewares/Third_Party/FreeRTOS/Source/CMSIS_RTOS_V2/cmsis_os2.o
                0x00000000080053d0                osMutexNew
 .text.osMutexAcquire
                0x00000000080054dc       0x96 ./Middlewares/Third_Party/FreeRTOS/Source/CMSIS_RTOS_V2/cmsis_os2.o
                0x00000000080054dc                osMutexAcquire
 .text.osMutexRelease
                0x0000000008005572       0x7a ./Middlewares/Third_Party/FreeRTOS/Source/CMSIS_RTOS_V2/cmsis_os2.o
                0x0000000008005572                osMutexRelease
 .text.vApplicationGetIdleTaskMemory
                0x00000000080055ec       0x34 ./Middlewares/Third_Party/FreeRTOS/Source/CMSIS_RTOS_V2/cmsis_os2.o
                0x00000000080055ec                vApplicationGetIdleTaskMemory
 .text.vApplicationGetTimerTaskMemory
                0x0000000008005620       0x34 ./Middlewares/Third_Party/FreeRTOS/Source/CMSIS_RTOS_V2/cmsis_os2.o
                0x0000000008005620                vApplicationGetTimerTaskMemory
 .text.xEventGroupCreateStatic
                0x0000000008005654       0x6e ./Middlewares/Third_Party/FreeRTOS/Source/event_groups.o
                0x0000000008005654                xEventGroupCreateStatic
 .text.xEventGroupCreate
                0x00000000080056c2       0x34 ./Middlewares/Third_Party/FreeRTOS/Source/event_groups.o
                0x00000000080056c2                xEventGroupCreate
 *fill*         0x00000000080056f6        0x2 
 .text.xEventGroupWaitBits
                0x00000000080056f8      0x19c ./Middlewares/Third_Party/FreeRTOS/Source/event_groups.o
                0x00000000080056f8                xEventGroupWaitBits
 .text.xEventGroupClearBits
                0x0000000008005894       0x70 ./Middlewares/Third_Party/FreeRTOS/Source/event_groups.o
                0x0000000008005894                xEventGroupClearBits
 .text.xEventGroupClearBitsFromISR
                0x0000000008005904       0x28 ./Middlewares/Third_Party/FreeRTOS/Source/event_groups.o
                0x0000000008005904                xEventGroupClearBitsFromISR
 .text.xEventGroupGetBitsFromISR
                0x000000000800592c       0x48 ./Middlewares/Third_Party/FreeRTOS/Source/event_groups.o
                0x000000000800592c                xEventGroupGetBitsFromISR
 .text.xEventGroupSetBits
                0x0000000008005974      0x116 ./Middlewares/Third_Party/FreeRTOS/Source/event_groups.o
                0x0000000008005974                xEventGroupSetBits
 .text.vEventGroupSetBitsCallback
                0x0000000008005a8a       0x1a ./Middlewares/Third_Party/FreeRTOS/Source/event_groups.o
                0x0000000008005a8a                vEventGroupSetBitsCallback
 .text.vEventGroupClearBitsCallback
                0x0000000008005aa4       0x1a ./Middlewares/Third_Party/FreeRTOS/Source/event_groups.o
                0x0000000008005aa4                vEventGroupClearBitsCallback
 .text.prvTestWaitCondition
                0x0000000008005abe       0x44 ./Middlewares/Third_Party/FreeRTOS/Source/event_groups.o
 *fill*         0x0000000008005b02        0x2 
 .text.xEventGroupSetBitsFromISR
                0x0000000008005b04       0x28 ./Middlewares/Third_Party/FreeRTOS/Source/event_groups.o
                0x0000000008005b04                xEventGroupSetBitsFromISR
 .text.vListInitialise
                0x0000000008005b2c       0x40 ./Middlewares/Third_Party/FreeRTOS/Source/list.o
                0x0000000008005b2c                vListInitialise
 .text.vListInitialiseItem
                0x0000000008005b6c       0x1a ./Middlewares/Third_Party/FreeRTOS/Source/list.o
                0x0000000008005b6c                vListInitialiseItem
 .text.vListInsertEnd
                0x0000000008005b86       0x48 ./Middlewares/Third_Party/FreeRTOS/Source/list.o
                0x0000000008005b86                vListInsertEnd
 .text.vListInsert
                0x0000000008005bce       0x72 ./Middlewares/Third_Party/FreeRTOS/Source/list.o
                0x0000000008005bce                vListInsert
 .text.uxListRemove
                0x0000000008005c40       0x54 ./Middlewares/Third_Party/FreeRTOS/Source/list.o
                0x0000000008005c40                uxListRemove
 .text.xQueueGenericReset
                0x0000000008005c94       0xd0 ./Middlewares/Third_Party/FreeRTOS/Source/queue.o
                0x0000000008005c94                xQueueGenericReset
 .text.xQueueGenericCreateStatic
                0x0000000008005d64       0xf0 ./Middlewares/Third_Party/FreeRTOS/Source/queue.o
                0x0000000008005d64                xQueueGenericCreateStatic
 .text.xQueueGenericCreate
                0x0000000008005e54       0x74 ./Middlewares/Third_Party/FreeRTOS/Source/queue.o
                0x0000000008005e54                xQueueGenericCreate
 .text.prvInitialiseNewQueue
                0x0000000008005ec8       0x46 ./Middlewares/Third_Party/FreeRTOS/Source/queue.o
 .text.prvInitialiseMutex
                0x0000000008005f0e       0x34 ./Middlewares/Third_Party/FreeRTOS/Source/queue.o
 .text.xQueueCreateMutex
                0x0000000008005f42       0x30 ./Middlewares/Third_Party/FreeRTOS/Source/queue.o
                0x0000000008005f42                xQueueCreateMutex
 .text.xQueueCreateMutexStatic
                0x0000000008005f72       0x36 ./Middlewares/Third_Party/FreeRTOS/Source/queue.o
                0x0000000008005f72                xQueueCreateMutexStatic
 .text.xQueueGiveMutexRecursive
                0x0000000008005fa8       0x68 ./Middlewares/Third_Party/FreeRTOS/Source/queue.o
                0x0000000008005fa8                xQueueGiveMutexRecursive
 .text.xQueueTakeMutexRecursive
                0x0000000008006010       0x6c ./Middlewares/Third_Party/FreeRTOS/Source/queue.o
                0x0000000008006010                xQueueTakeMutexRecursive
 .text.xQueueGenericSend
                0x000000000800607c      0x1fc ./Middlewares/Third_Party/FreeRTOS/Source/queue.o
                0x000000000800607c                xQueueGenericSend
 .text.xQueueGenericSendFromISR
                0x0000000008006278      0x136 ./Middlewares/Third_Party/FreeRTOS/Source/queue.o
                0x0000000008006278                xQueueGenericSendFromISR
 *fill*         0x00000000080063ae        0x2 
 .text.xQueueReceive
                0x00000000080063b0      0x1c0 ./Middlewares/Third_Party/FreeRTOS/Source/queue.o
                0x00000000080063b0                xQueueReceive
 .text.xQueueSemaphoreTake
                0x0000000008006570      0x218 ./Middlewares/Third_Party/FreeRTOS/Source/queue.o
                0x0000000008006570                xQueueSemaphoreTake
 .text.prvGetDisinheritPriorityAfterTimeout
                0x0000000008006788       0x30 ./Middlewares/Third_Party/FreeRTOS/Source/queue.o
 .text.prvCopyDataToQueue
                0x00000000080067b8       0xd4 ./Middlewares/Third_Party/FreeRTOS/Source/queue.o
 .text.prvCopyDataFromQueue
                0x000000000800688c       0x4c ./Middlewares/Third_Party/FreeRTOS/Source/queue.o
 .text.prvUnlockQueue
                0x00000000080068d8       0xa4 ./Middlewares/Third_Party/FreeRTOS/Source/queue.o
 .text.prvIsQueueEmpty
                0x000000000800697c       0x2c ./Middlewares/Third_Party/FreeRTOS/Source/queue.o
 .text.prvIsQueueFull
                0x00000000080069a8       0x30 ./Middlewares/Third_Party/FreeRTOS/Source/queue.o
 .text.vQueueAddToRegistry
                0x00000000080069d8       0x54 ./Middlewares/Third_Party/FreeRTOS/Source/queue.o
                0x00000000080069d8                vQueueAddToRegistry
 .text.vQueueWaitForMessageRestricted
                0x0000000008006a2c       0x68 ./Middlewares/Third_Party/FreeRTOS/Source/queue.o
                0x0000000008006a2c                vQueueWaitForMessageRestricted
 .text.xTaskCreateStatic
                0x0000000008006a94       0xba ./Middlewares/Third_Party/FreeRTOS/Source/tasks.o
                0x0000000008006a94                xTaskCreateStatic
 .text.xTaskCreate
                0x0000000008006b4e       0x8a ./Middlewares/Third_Party/FreeRTOS/Source/tasks.o
                0x0000000008006b4e                xTaskCreate
 .text.prvInitialiseNewTask
                0x0000000008006bd8      0x11e ./Middlewares/Third_Party/FreeRTOS/Source/tasks.o
 *fill*         0x0000000008006cf6        0x2 
 .text.prvAddNewTaskToReadyList
                0x0000000008006cf8       0xe0 ./Middlewares/Third_Party/FreeRTOS/Source/tasks.o
 .text.vTaskDelay
                0x0000000008006dd8       0x68 ./Middlewares/Third_Party/FreeRTOS/Source/tasks.o
                0x0000000008006dd8                vTaskDelay
 .text.vTaskStartScheduler
                0x0000000008006e40       0xcc ./Middlewares/Third_Party/FreeRTOS/Source/tasks.o
                0x0000000008006e40                vTaskStartScheduler
 .text.vTaskSuspendAll
                0x0000000008006f0c       0x1c ./Middlewares/Third_Party/FreeRTOS/Source/tasks.o
                0x0000000008006f0c                vTaskSuspendAll
 .text.xTaskResumeAll
                0x0000000008006f28      0x13c ./Middlewares/Third_Party/FreeRTOS/Source/tasks.o
                0x0000000008006f28                xTaskResumeAll
 .text.xTaskGetTickCount
                0x0000000008007064       0x20 ./Middlewares/Third_Party/FreeRTOS/Source/tasks.o
                0x0000000008007064                xTaskGetTickCount
 .text.xTaskIncrementTick
                0x0000000008007084      0x174 ./Middlewares/Third_Party/FreeRTOS/Source/tasks.o
                0x0000000008007084                xTaskIncrementTick
 .text.vTaskSwitchContext
                0x00000000080071f8       0xbc ./Middlewares/Third_Party/FreeRTOS/Source/tasks.o
                0x00000000080071f8                vTaskSwitchContext
 .text.vTaskPlaceOnEventList
                0x00000000080072b4       0x48 ./Middlewares/Third_Party/FreeRTOS/Source/tasks.o
                0x00000000080072b4                vTaskPlaceOnEventList
 .text.vTaskPlaceOnUnorderedEventList
                0x00000000080072fc       0x78 ./Middlewares/Third_Party/FreeRTOS/Source/tasks.o
                0x00000000080072fc                vTaskPlaceOnUnorderedEventList
 .text.vTaskPlaceOnEventListRestricted
                0x0000000008007374       0x58 ./Middlewares/Third_Party/FreeRTOS/Source/tasks.o
                0x0000000008007374                vTaskPlaceOnEventListRestricted
 .text.xTaskRemoveFromEventList
                0x00000000080073cc       0xc8 ./Middlewares/Third_Party/FreeRTOS/Source/tasks.o
                0x00000000080073cc                xTaskRemoveFromEventList
 .text.vTaskRemoveFromUnorderedEventList
                0x0000000008007494       0xc4 ./Middlewares/Third_Party/FreeRTOS/Source/tasks.o
                0x0000000008007494                vTaskRemoveFromUnorderedEventList
 .text.vTaskInternalSetTimeOutState
                0x0000000008007558       0x2c ./Middlewares/Third_Party/FreeRTOS/Source/tasks.o
                0x0000000008007558                vTaskInternalSetTimeOutState
 .text.xTaskCheckForTimeOut
                0x0000000008007584       0xc4 ./Middlewares/Third_Party/FreeRTOS/Source/tasks.o
                0x0000000008007584                xTaskCheckForTimeOut
 .text.vTaskMissedYield
                0x0000000008007648       0x18 ./Middlewares/Third_Party/FreeRTOS/Source/tasks.o
                0x0000000008007648                vTaskMissedYield
 .text.prvIdleTask
                0x0000000008007660       0x30 ./Middlewares/Third_Party/FreeRTOS/Source/tasks.o
 .text.prvInitialiseTaskLists
                0x0000000008007690       0x80 ./Middlewares/Third_Party/FreeRTOS/Source/tasks.o
 .text.prvCheckTasksWaitingTermination
                0x0000000008007710       0x5c ./Middlewares/Third_Party/FreeRTOS/Source/tasks.o
 .text.prvDeleteTCB
                0x000000000800776c       0x5e ./Middlewares/Third_Party/FreeRTOS/Source/tasks.o
 *fill*         0x00000000080077ca        0x2 
 .text.prvResetNextTaskUnblockTime
                0x00000000080077cc       0x40 ./Middlewares/Third_Party/FreeRTOS/Source/tasks.o
 .text.xTaskGetCurrentTaskHandle
                0x000000000800780c       0x20 ./Middlewares/Third_Party/FreeRTOS/Source/tasks.o
                0x000000000800780c                xTaskGetCurrentTaskHandle
 .text.xTaskGetSchedulerState
                0x000000000800782c       0x3c ./Middlewares/Third_Party/FreeRTOS/Source/tasks.o
                0x000000000800782c                xTaskGetSchedulerState
 .text.xTaskPriorityInherit
                0x0000000008007868       0xd0 ./Middlewares/Third_Party/FreeRTOS/Source/tasks.o
                0x0000000008007868                xTaskPriorityInherit
 .text.xTaskPriorityDisinherit
                0x0000000008007938       0xdc ./Middlewares/Third_Party/FreeRTOS/Source/tasks.o
                0x0000000008007938                xTaskPriorityDisinherit
 .text.vTaskPriorityDisinheritAfterTimeout
                0x0000000008007a14      0x104 ./Middlewares/Third_Party/FreeRTOS/Source/tasks.o
                0x0000000008007a14                vTaskPriorityDisinheritAfterTimeout
 .text.uxTaskResetEventItemValue
                0x0000000008007b18       0x30 ./Middlewares/Third_Party/FreeRTOS/Source/tasks.o
                0x0000000008007b18                uxTaskResetEventItemValue
 .text.pvTaskIncrementMutexHeldCount
                0x0000000008007b48       0x28 ./Middlewares/Third_Party/FreeRTOS/Source/tasks.o
                0x0000000008007b48                pvTaskIncrementMutexHeldCount
 .text.prvAddCurrentTaskToDelayedList
                0x0000000008007b70       0xa8 ./Middlewares/Third_Party/FreeRTOS/Source/tasks.o
 .text.xTimerCreateTimerTask
                0x0000000008007c18       0x90 ./Middlewares/Third_Party/FreeRTOS/Source/timers.o
                0x0000000008007c18                xTimerCreateTimerTask
 .text.xTimerGenericCommand
                0x0000000008007ca8       0x9c ./Middlewares/Third_Party/FreeRTOS/Source/timers.o
                0x0000000008007ca8                xTimerGenericCommand
 .text.prvProcessExpiredTimer
                0x0000000008007d44       0x98 ./Middlewares/Third_Party/FreeRTOS/Source/timers.o
 .text.prvTimerTask
                0x0000000008007ddc       0x24 ./Middlewares/Third_Party/FreeRTOS/Source/timers.o
 .text.prvProcessTimerOrBlockTask
                0x0000000008007e00       0x9c ./Middlewares/Third_Party/FreeRTOS/Source/timers.o
 .text.prvGetNextExpireTime
                0x0000000008007e9c       0x48 ./Middlewares/Third_Party/FreeRTOS/Source/timers.o
 .text.prvSampleTimeNow
                0x0000000008007ee4       0x40 ./Middlewares/Third_Party/FreeRTOS/Source/timers.o
 .text.prvInsertTimerInActiveList
                0x0000000008007f24       0x84 ./Middlewares/Third_Party/FreeRTOS/Source/timers.o
 .text.prvProcessReceivedCommands
                0x0000000008007fa8      0x1c4 ./Middlewares/Third_Party/FreeRTOS/Source/timers.o
 .text.prvSwitchTimerLists
                0x000000000800816c       0xc8 ./Middlewares/Third_Party/FreeRTOS/Source/timers.o
 .text.prvCheckForValidListAndQueue
                0x0000000008008234       0x80 ./Middlewares/Third_Party/FreeRTOS/Source/timers.o
 .text.xTimerPendFunctionCallFromISR
                0x00000000080082b4       0x40 ./Middlewares/Third_Party/FreeRTOS/Source/timers.o
                0x00000000080082b4                xTimerPendFunctionCallFromISR
 .text.pxPortInitialiseStack
                0x00000000080082f4       0x68 ./Middlewares/Third_Party/FreeRTOS/Source/portable/GCC/ARM_CM4F/port.o
                0x00000000080082f4                pxPortInitialiseStack
 .text.prvTaskExitError
                0x000000000800835c       0x58 ./Middlewares/Third_Party/FreeRTOS/Source/portable/GCC/ARM_CM4F/port.o
 *fill*         0x00000000080083b4        0xc 
 .text.SVC_Handler
                0x00000000080083c0       0x28 ./Middlewares/Third_Party/FreeRTOS/Source/portable/GCC/ARM_CM4F/port.o
                0x00000000080083c0                SVC_Handler
 .text.prvPortStartFirstTask
                0x00000000080083e8       0x28 ./Middlewares/Third_Party/FreeRTOS/Source/portable/GCC/ARM_CM4F/port.o
 .text.xPortStartScheduler
                0x0000000008008410      0x144 ./Middlewares/Third_Party/FreeRTOS/Source/portable/GCC/ARM_CM4F/port.o
                0x0000000008008410                xPortStartScheduler
 .text.vPortEnterCritical
                0x0000000008008554       0x60 ./Middlewares/Third_Party/FreeRTOS/Source/portable/GCC/ARM_CM4F/port.o
                0x0000000008008554                vPortEnterCritical
 .text.vPortExitCritical
                0x00000000080085b4       0x54 ./Middlewares/Third_Party/FreeRTOS/Source/portable/GCC/ARM_CM4F/port.o
                0x00000000080085b4                vPortExitCritical
 *fill*         0x0000000008008608        0x8 
 .text.PendSV_Handler
                0x0000000008008610       0x68 ./Middlewares/Third_Party/FreeRTOS/Source/portable/GCC/ARM_CM4F/port.o
                0x0000000008008610                PendSV_Handler
 .text.xPortSysTickHandler
                0x0000000008008678       0x44 ./Middlewares/Third_Party/FreeRTOS/Source/portable/GCC/ARM_CM4F/port.o
                0x0000000008008678                xPortSysTickHandler
 .text.vPortSetupTimerInterrupt
                0x00000000080086bc       0x48 ./Middlewares/Third_Party/FreeRTOS/Source/portable/GCC/ARM_CM4F/port.o
                0x00000000080086bc                vPortSetupTimerInterrupt
 .text.vPortEnableVFP
                0x0000000008008704       0x14 ./Middlewares/Third_Party/FreeRTOS/Source/portable/GCC/ARM_CM4F/port.o
 .text.vPortValidateInterruptPriority
                0x0000000008008718       0x80 ./Middlewares/Third_Party/FreeRTOS/Source/portable/GCC/ARM_CM4F/port.o
                0x0000000008008718                vPortValidateInterruptPriority
 .text.pvPortMalloc
                0x0000000008008798      0x198 ./Middlewares/Third_Party/FreeRTOS/Source/portable/MemMang/heap_4.o
                0x0000000008008798                pvPortMalloc
 .text.vPortFree
                0x0000000008008930       0xc4 ./Middlewares/Third_Party/FreeRTOS/Source/portable/MemMang/heap_4.o
                0x0000000008008930                vPortFree
 .text.prvHeapInit
                0x00000000080089f4       0xc4 ./Middlewares/Third_Party/FreeRTOS/Source/portable/MemMang/heap_4.o
 .text.prvInsertBlockIntoFreeList
                0x0000000008008ab8       0xb4 ./Middlewares/Third_Party/FreeRTOS/Source/portable/MemMang/heap_4.o
 .text.__errno  0x0000000008008b6c        0xc /Applications/STM32CubeIDE.app/Contents/Eclipse/plugins/com.st.stm32cube.ide.mcu.externaltools.gnu-tools-for-stm32.10.3-2021.10.macos64_1.0.200.202301161003/tools/bin/../lib/gcc/arm-none-eabi/10.3.1/../../../../arm-none-eabi/lib/thumb/v7e-m+fp/hard/libc_nano.a(lib_a-errno.o)
                0x0000000008008b6c                __errno
 .text.__libc_init_array
                0x0000000008008b78       0x48 /Applications/STM32CubeIDE.app/Contents/Eclipse/plugins/com.st.stm32cube.ide.mcu.externaltools.gnu-tools-for-stm32.10.3-2021.10.macos64_1.0.200.202301161003/tools/bin/../lib/gcc/arm-none-eabi/10.3.1/../../../../arm-none-eabi/lib/thumb/v7e-m+fp/hard/libc_nano.a(lib_a-init.o)
                0x0000000008008b78                __libc_init_array
 .text.memcpy   0x0000000008008bc0       0x1c /Applications/STM32CubeIDE.app/Contents/Eclipse/plugins/com.st.stm32cube.ide.mcu.externaltools.gnu-tools-for-stm32.10.3-2021.10.macos64_1.0.200.202301161003/tools/bin/../lib/gcc/arm-none-eabi/10.3.1/../../../../arm-none-eabi/lib/thumb/v7e-m+fp/hard/libc_nano.a(lib_a-memcpy-stub.o)
                0x0000000008008bc0                memcpy
 .text.memset   0x0000000008008bdc       0x10 /Applications/STM32CubeIDE.app/Contents/Eclipse/plugins/com.st.stm32cube.ide.mcu.externaltools.gnu-tools-for-stm32.10.3-2021.10.macos64_1.0.200.202301161003/tools/bin/../lib/gcc/arm-none-eabi/10.3.1/../../../../arm-none-eabi/lib/thumb/v7e-m+fp/hard/libc_nano.a(lib_a-memset.o)
                0x0000000008008bdc                memset
 .text.printf   0x0000000008008bec       0x30 /Applications/STM32CubeIDE.app/Contents/Eclipse/plugins/com.st.stm32cube.ide.mcu.externaltools.gnu-tools-for-stm32.10.3-2021.10.macos64_1.0.200.202301161003/tools/bin/../lib/gcc/arm-none-eabi/10.3.1/../../../../arm-none-eabi/lib/thumb/v7e-m+fp/hard/libc_nano.a(lib_a-printf.o)
                0x0000000008008bec                printf
                0x0000000008008bec                iprintf
 .text._puts_r  0x0000000008008c1c       0xdc /Applications/STM32CubeIDE.app/Contents/Eclipse/plugins/com.st.stm32cube.ide.mcu.externaltools.gnu-tools-for-stm32.10.3-2021.10.macos64_1.0.200.202301161003/tools/bin/../lib/gcc/arm-none-eabi/10.3.1/../../../../arm-none-eabi/lib/thumb/v7e-m+fp/hard/libc_nano.a(lib_a-puts.o)
                0x0000000008008c1c                _puts_r
 .text.puts     0x0000000008008cf8       0x10 /Applications/STM32CubeIDE.app/Contents/Eclipse/plugins/com.st.stm32cube.ide.mcu.externaltools.gnu-tools-for-stm32.10.3-2021.10.macos64_1.0.200.202301161003/tools/bin/../lib/gcc/arm-none-eabi/10.3.1/../../../../arm-none-eabi/lib/thumb/v7e-m+fp/hard/libc_nano.a(lib_a-puts.o)
                0x0000000008008cf8                puts
 .text.sprintf  0x0000000008008d08       0x40 /Applications/STM32CubeIDE.app/Contents/Eclipse/plugins/com.st.stm32cube.ide.mcu.externaltools.gnu-tools-for-stm32.10.3-2021.10.macos64_1.0.200.202301161003/tools/bin/../lib/gcc/arm-none-eabi/10.3.1/../../../../arm-none-eabi/lib/thumb/v7e-m+fp/hard/libc_nano.a(lib_a-sprintf.o)
                0x0000000008008d08                sprintf
                0x0000000008008d08                siprintf
 .text.__swbuf_r
                0x0000000008008d48       0xa4 /Applications/STM32CubeIDE.app/Contents/Eclipse/plugins/com.st.stm32cube.ide.mcu.externaltools.gnu-tools-for-stm32.10.3-2021.10.macos64_1.0.200.202301161003/tools/bin/../lib/gcc/arm-none-eabi/10.3.1/../../../../arm-none-eabi/lib/thumb/v7e-m+fp/hard/libc_nano.a(lib_a-wbuf.o)
                0x0000000008008d48                __swbuf_r
 .text.__swsetup_r
                0x0000000008008dec       0xdc /Applications/STM32CubeIDE.app/Contents/Eclipse/plugins/com.st.stm32cube.ide.mcu.externaltools.gnu-tools-for-stm32.10.3-2021.10.macos64_1.0.200.202301161003/tools/bin/../lib/gcc/arm-none-eabi/10.3.1/../../../../arm-none-eabi/lib/thumb/v7e-m+fp/hard/libc_nano.a(lib_a-wsetup.o)
                0x0000000008008dec                __swsetup_r
 .text.__sflush_r
                0x0000000008008ec8      0x10c /Applications/STM32CubeIDE.app/Contents/Eclipse/plugins/com.st.stm32cube.ide.mcu.externaltools.gnu-tools-for-stm32.10.3-2021.10.macos64_1.0.200.202301161003/tools/bin/../lib/gcc/arm-none-eabi/10.3.1/../../../../arm-none-eabi/lib/thumb/v7e-m+fp/hard/libc_nano.a(lib_a-fflush.o)
                0x0000000008008ec8                __sflush_r
 .text._fflush_r
                0x0000000008008fd4       0x78 /Applications/STM32CubeIDE.app/Contents/Eclipse/plugins/com.st.stm32cube.ide.mcu.externaltools.gnu-tools-for-stm32.10.3-2021.10.macos64_1.0.200.202301161003/tools/bin/../lib/gcc/arm-none-eabi/10.3.1/../../../../arm-none-eabi/lib/thumb/v7e-m+fp/hard/libc_nano.a(lib_a-fflush.o)
                0x0000000008008fd4                _fflush_r
 .text.std      0x000000000800904c       0x48 /Applications/STM32CubeIDE.app/Contents/Eclipse/plugins/com.st.stm32cube.ide.mcu.externaltools.gnu-tools-for-stm32.10.3-2021.10.macos64_1.0.200.202301161003/tools/bin/../lib/gcc/arm-none-eabi/10.3.1/../../../../arm-none-eabi/lib/thumb/v7e-m+fp/hard/libc_nano.a(lib_a-findfp.o)
 .text._cleanup_r
                0x0000000008009094        0xc /Applications/STM32CubeIDE.app/Contents/Eclipse/plugins/com.st.stm32cube.ide.mcu.externaltools.gnu-tools-for-stm32.10.3-2021.10.macos64_1.0.200.202301161003/tools/bin/../lib/gcc/arm-none-eabi/10.3.1/../../../../arm-none-eabi/lib/thumb/v7e-m+fp/hard/libc_nano.a(lib_a-findfp.o)
                0x0000000008009094                _cleanup_r
 .text.__sfmoreglue
                0x00000000080090a0       0x2c /Applications/STM32CubeIDE.app/Contents/Eclipse/plugins/com.st.stm32cube.ide.mcu.externaltools.gnu-tools-for-stm32.10.3-2021.10.macos64_1.0.200.202301161003/tools/bin/../lib/gcc/arm-none-eabi/10.3.1/../../../../arm-none-eabi/lib/thumb/v7e-m+fp/hard/libc_nano.a(lib_a-findfp.o)
                0x00000000080090a0                __sfmoreglue
 .text.__sfp_lock_acquire
                0x00000000080090cc        0xc /Applications/STM32CubeIDE.app/Contents/Eclipse/plugins/com.st.stm32cube.ide.mcu.externaltools.gnu-tools-for-stm32.10.3-2021.10.macos64_1.0.200.202301161003/tools/bin/../lib/gcc/arm-none-eabi/10.3.1/../../../../arm-none-eabi/lib/thumb/v7e-m+fp/hard/libc_nano.a(lib_a-findfp.o)
                0x00000000080090cc                __sfp_lock_acquire
 .text.__sfp_lock_release
                0x00000000080090d8        0xc /Applications/STM32CubeIDE.app/Contents/Eclipse/plugins/com.st.stm32cube.ide.mcu.externaltools.gnu-tools-for-stm32.10.3-2021.10.macos64_1.0.200.202301161003/tools/bin/../lib/gcc/arm-none-eabi/10.3.1/../../../../arm-none-eabi/lib/thumb/v7e-m+fp/hard/libc_nano.a(lib_a-findfp.o)
                0x00000000080090d8                __sfp_lock_release
 .text.__sinit_lock_acquire
                0x00000000080090e4        0xc /Applications/STM32CubeIDE.app/Contents/Eclipse/plugins/com.st.stm32cube.ide.mcu.externaltools.gnu-tools-for-stm32.10.3-2021.10.macos64_1.0.200.202301161003/tools/bin/../lib/gcc/arm-none-eabi/10.3.1/../../../../arm-none-eabi/lib/thumb/v7e-m+fp/hard/libc_nano.a(lib_a-findfp.o)
                0x00000000080090e4                __sinit_lock_acquire
 .text.__sinit_lock_release
                0x00000000080090f0        0xc /Applications/STM32CubeIDE.app/Contents/Eclipse/plugins/com.st.stm32cube.ide.mcu.externaltools.gnu-tools-for-stm32.10.3-2021.10.macos64_1.0.200.202301161003/tools/bin/../lib/gcc/arm-none-eabi/10.3.1/../../../../arm-none-eabi/lib/thumb/v7e-m+fp/hard/libc_nano.a(lib_a-findfp.o)
                0x00000000080090f0                __sinit_lock_release
 .text.__sinit  0x00000000080090fc       0x70 /Applications/STM32CubeIDE.app/Contents/Eclipse/plugins/com.st.stm32cube.ide.mcu.externaltools.gnu-tools-for-stm32.10.3-2021.10.macos64_1.0.200.202301161003/tools/bin/../lib/gcc/arm-none-eabi/10.3.1/../../../../arm-none-eabi/lib/thumb/v7e-m+fp/hard/libc_nano.a(lib_a-findfp.o)
                0x00000000080090fc                __sinit
 .text.__sfp    0x000000000800916c       0x8c /Applications/STM32CubeIDE.app/Contents/Eclipse/plugins/com.st.stm32cube.ide.mcu.externaltools.gnu-tools-for-stm32.10.3-2021.10.macos64_1.0.200.202301161003/tools/bin/../lib/gcc/arm-none-eabi/10.3.1/../../../../arm-none-eabi/lib/thumb/v7e-m+fp/hard/libc_nano.a(lib_a-findfp.o)
                0x000000000800916c                __sfp
 .text._fwalk_reent
                0x00000000080091f8       0x3e /Applications/STM32CubeIDE.app/Contents/Eclipse/plugins/com.st.stm32cube.ide.mcu.externaltools.gnu-tools-for-stm32.10.3-2021.10.macos64_1.0.200.202301161003/tools/bin/../lib/gcc/arm-none-eabi/10.3.1/../../../../arm-none-eabi/lib/thumb/v7e-m+fp/hard/libc_nano.a(lib_a-fwalk.o)
                0x00000000080091f8                _fwalk_reent
 .text.__retarget_lock_init_recursive
                0x0000000008009236        0x2 /Applications/STM32CubeIDE.app/Contents/Eclipse/plugins/com.st.stm32cube.ide.mcu.externaltools.gnu-tools-for-stm32.10.3-2021.10.macos64_1.0.200.202301161003/tools/bin/../lib/gcc/arm-none-eabi/10.3.1/../../../../arm-none-eabi/lib/thumb/v7e-m+fp/hard/libc_nano.a(lib_a-lock.o)
                0x0000000008009236                __retarget_lock_init_recursive
 .text.__retarget_lock_acquire_recursive
                0x0000000008009238        0x2 /Applications/STM32CubeIDE.app/Contents/Eclipse/plugins/com.st.stm32cube.ide.mcu.externaltools.gnu-tools-for-stm32.10.3-2021.10.macos64_1.0.200.202301161003/tools/bin/../lib/gcc/arm-none-eabi/10.3.1/../../../../arm-none-eabi/lib/thumb/v7e-m+fp/hard/libc_nano.a(lib_a-lock.o)
                0x0000000008009238                __retarget_lock_acquire_recursive
 .text.__retarget_lock_release_recursive
                0x000000000800923a        0x2 /Applications/STM32CubeIDE.app/Contents/Eclipse/plugins/com.st.stm32cube.ide.mcu.externaltools.gnu-tools-for-stm32.10.3-2021.10.macos64_1.0.200.202301161003/tools/bin/../lib/gcc/arm-none-eabi/10.3.1/../../../../arm-none-eabi/lib/thumb/v7e-m+fp/hard/libc_nano.a(lib_a-lock.o)
                0x000000000800923a                __retarget_lock_release_recursive
 .text.__swhatbuf_r
                0x000000000800923c       0x4a /Applications/STM32CubeIDE.app/Contents/Eclipse/plugins/com.st.stm32cube.ide.mcu.externaltools.gnu-tools-for-stm32.10.3-2021.10.macos64_1.0.200.202301161003/tools/bin/../lib/gcc/arm-none-eabi/10.3.1/../../../../arm-none-eabi/lib/thumb/v7e-m+fp/hard/libc_nano.a(lib_a-makebuf.o)
                0x000000000800923c                __swhatbuf_r
 *fill*         0x0000000008009286        0x2 
 .text.__smakebuf_r
                0x0000000008009288       0x80 /Applications/STM32CubeIDE.app/Contents/Eclipse/plugins/com.st.stm32cube.ide.mcu.externaltools.gnu-tools-for-stm32.10.3-2021.10.macos64_1.0.200.202301161003/tools/bin/../lib/gcc/arm-none-eabi/10.3.1/../../../../arm-none-eabi/lib/thumb/v7e-m+fp/hard/libc_nano.a(lib_a-makebuf.o)
                0x0000000008009288                __smakebuf_r
 .text._free_r  0x0000000008009308       0x98 /Applications/STM32CubeIDE.app/Contents/Eclipse/plugins/com.st.stm32cube.ide.mcu.externaltools.gnu-tools-for-stm32.10.3-2021.10.macos64_1.0.200.202301161003/tools/bin/../lib/gcc/arm-none-eabi/10.3.1/../../../../arm-none-eabi/lib/thumb/v7e-m+fp/hard/libc_nano.a(lib_a-nano-freer.o)
                0x0000000008009308                _free_r
 .text.sbrk_aligned
                0x00000000080093a0       0x40 /Applications/STM32CubeIDE.app/Contents/Eclipse/plugins/com.st.stm32cube.ide.mcu.externaltools.gnu-tools-for-stm32.10.3-2021.10.macos64_1.0.200.202301161003/tools/bin/../lib/gcc/arm-none-eabi/10.3.1/../../../../arm-none-eabi/lib/thumb/v7e-m+fp/hard/libc_nano.a(lib_a-nano-mallocr.o)
 .text._malloc_r
                0x00000000080093e0       0xe8 /Applications/STM32CubeIDE.app/Contents/Eclipse/plugins/com.st.stm32cube.ide.mcu.externaltools.gnu-tools-for-stm32.10.3-2021.10.macos64_1.0.200.202301161003/tools/bin/../lib/gcc/arm-none-eabi/10.3.1/../../../../arm-none-eabi/lib/thumb/v7e-m+fp/hard/libc_nano.a(lib_a-nano-mallocr.o)
                0x00000000080093e0                _malloc_r
 .text.__ssputs_r
                0x00000000080094c8       0xb6 /Applications/STM32CubeIDE.app/Contents/Eclipse/plugins/com.st.stm32cube.ide.mcu.externaltools.gnu-tools-for-stm32.10.3-2021.10.macos64_1.0.200.202301161003/tools/bin/../lib/gcc/arm-none-eabi/10.3.1/../../../../arm-none-eabi/lib/thumb/v7e-m+fp/hard/libc_nano.a(lib_a-nano-svfprintf.o)
                0x00000000080094c8                __ssputs_r
 *fill*         0x000000000800957e        0x2 
 .text._svfprintf_r
                0x0000000008009580      0x200 /Applications/STM32CubeIDE.app/Contents/Eclipse/plugins/com.st.stm32cube.ide.mcu.externaltools.gnu-tools-for-stm32.10.3-2021.10.macos64_1.0.200.202301161003/tools/bin/../lib/gcc/arm-none-eabi/10.3.1/../../../../arm-none-eabi/lib/thumb/v7e-m+fp/hard/libc_nano.a(lib_a-nano-svfprintf.o)
                0x0000000008009580                _svfprintf_r
                0x0000000008009580                _svfiprintf_r
 .text.__sfputc_r
                0x0000000008009780       0x2e /Applications/STM32CubeIDE.app/Contents/Eclipse/plugins/com.st.stm32cube.ide.mcu.externaltools.gnu-tools-for-stm32.10.3-2021.10.macos64_1.0.200.202301161003/tools/bin/../lib/gcc/arm-none-eabi/10.3.1/../../../../arm-none-eabi/lib/thumb/v7e-m+fp/hard/libc_nano.a(lib_a-nano-vfprintf.o)
 .text.__sfputs_r
                0x00000000080097ae       0x24 /Applications/STM32CubeIDE.app/Contents/Eclipse/plugins/com.st.stm32cube.ide.mcu.externaltools.gnu-tools-for-stm32.10.3-2021.10.macos64_1.0.200.202301161003/tools/bin/../lib/gcc/arm-none-eabi/10.3.1/../../../../arm-none-eabi/lib/thumb/v7e-m+fp/hard/libc_nano.a(lib_a-nano-vfprintf.o)
                0x00000000080097ae                __sfputs_r
 *fill*         0x00000000080097d2        0x2 
 .text._vfprintf_r
                0x00000000080097d4      0x260 /Applications/STM32CubeIDE.app/Contents/Eclipse/plugins/com.st.stm32cube.ide.mcu.externaltools.gnu-tools-for-stm32.10.3-2021.10.macos64_1.0.200.202301161003/tools/bin/../lib/gcc/arm-none-eabi/10.3.1/../../../../arm-none-eabi/lib/thumb/v7e-m+fp/hard/libc_nano.a(lib_a-nano-vfprintf.o)
                0x00000000080097d4                _vfiprintf_r
                0x00000000080097d4                _vfprintf_r
 .text._printf_common
                0x0000000008009a34       0xda /Applications/STM32CubeIDE.app/Contents/Eclipse/plugins/com.st.stm32cube.ide.mcu.externaltools.gnu-tools-for-stm32.10.3-2021.10.macos64_1.0.200.202301161003/tools/bin/../lib/gcc/arm-none-eabi/10.3.1/../../../../arm-none-eabi/lib/thumb/v7e-m+fp/hard/libc_nano.a(lib_a-nano-vfprintf_i.o)
                0x0000000008009a34                _printf_common
 *fill*         0x0000000008009b0e        0x2 
 .text._printf_i
                0x0000000008009b10      0x24c /Applications/STM32CubeIDE.app/Contents/Eclipse/plugins/com.st.stm32cube.ide.mcu.externaltools.gnu-tools-for-stm32.10.3-2021.10.macos64_1.0.200.202301161003/tools/bin/../lib/gcc/arm-none-eabi/10.3.1/../../../../arm-none-eabi/lib/thumb/v7e-m+fp/hard/libc_nano.a(lib_a-nano-vfprintf_i.o)
                0x0000000008009b10                _printf_i
 .text._sbrk_r  0x0000000008009d5c       0x20 /Applications/STM32CubeIDE.app/Contents/Eclipse/plugins/com.st.stm32cube.ide.mcu.externaltools.gnu-tools-for-stm32.10.3-2021.10.macos64_1.0.200.202301161003/tools/bin/../lib/gcc/arm-none-eabi/10.3.1/../../../../arm-none-eabi/lib/thumb/v7e-m+fp/hard/libc_nano.a(lib_a-sbrkr.o)
                0x0000000008009d5c                _sbrk_r
 .text.__sread  0x0000000008009d7c       0x22 /Applications/STM32CubeIDE.app/Contents/Eclipse/plugins/com.st.stm32cube.ide.mcu.externaltools.gnu-tools-for-stm32.10.3-2021.10.macos64_1.0.200.202301161003/tools/bin/../lib/gcc/arm-none-eabi/10.3.1/../../../../arm-none-eabi/lib/thumb/v7e-m+fp/hard/libc_nano.a(lib_a-stdio.o)
                0x0000000008009d7c                __sread
 .text.__swrite
                0x0000000008009d9e       0x38 /Applications/STM32CubeIDE.app/Contents/Eclipse/plugins/com.st.stm32cube.ide.mcu.externaltools.gnu-tools-for-stm32.10.3-2021.10.macos64_1.0.200.202301161003/tools/bin/../lib/gcc/arm-none-eabi/10.3.1/../../../../arm-none-eabi/lib/thumb/v7e-m+fp/hard/libc_nano.a(lib_a-stdio.o)
                0x0000000008009d9e                __swrite
 .text.__sseek  0x0000000008009dd6       0x24 /Applications/STM32CubeIDE.app/Contents/Eclipse/plugins/com.st.stm32cube.ide.mcu.externaltools.gnu-tools-for-stm32.10.3-2021.10.macos64_1.0.200.202301161003/tools/bin/../lib/gcc/arm-none-eabi/10.3.1/../../../../arm-none-eabi/lib/thumb/v7e-m+fp/hard/libc_nano.a(lib_a-stdio.o)
                0x0000000008009dd6                __sseek
 .text.__sclose
                0x0000000008009dfa        0x8 /Applications/STM32CubeIDE.app/Contents/Eclipse/plugins/com.st.stm32cube.ide.mcu.externaltools.gnu-tools-for-stm32.10.3-2021.10.macos64_1.0.200.202301161003/tools/bin/../lib/gcc/arm-none-eabi/10.3.1/../../../../arm-none-eabi/lib/thumb/v7e-m+fp/hard/libc_nano.a(lib_a-stdio.o)
                0x0000000008009dfa                __sclose
 *fill*         0x0000000008009e02        0x2 
 .text._write_r
                0x0000000008009e04       0x24 /Applications/STM32CubeIDE.app/Contents/Eclipse/plugins/com.st.stm32cube.ide.mcu.externaltools.gnu-tools-for-stm32.10.3-2021.10.macos64_1.0.200.202301161003/tools/bin/../lib/gcc/arm-none-eabi/10.3.1/../../../../arm-none-eabi/lib/thumb/v7e-m+fp/hard/libc_nano.a(lib_a-writer.o)
                0x0000000008009e04                _write_r
 .text._close_r
                0x0000000008009e28       0x20 /Applications/STM32CubeIDE.app/Contents/Eclipse/plugins/com.st.stm32cube.ide.mcu.externaltools.gnu-tools-for-stm32.10.3-2021.10.macos64_1.0.200.202301161003/tools/bin/../lib/gcc/arm-none-eabi/10.3.1/../../../../arm-none-eabi/lib/thumb/v7e-m+fp/hard/libc_nano.a(lib_a-closer.o)
                0x0000000008009e28                _close_r
 .text._fstat_r
                0x0000000008009e48       0x24 /Applications/STM32CubeIDE.app/Contents/Eclipse/plugins/com.st.stm32cube.ide.mcu.externaltools.gnu-tools-for-stm32.10.3-2021.10.macos64_1.0.200.202301161003/tools/bin/../lib/gcc/arm-none-eabi/10.3.1/../../../../arm-none-eabi/lib/thumb/v7e-m+fp/hard/libc_nano.a(lib_a-fstatr.o)
                0x0000000008009e48                _fstat_r
 .text._isatty_r
                0x0000000008009e6c       0x20 /Applications/STM32CubeIDE.app/Contents/Eclipse/plugins/com.st.stm32cube.ide.mcu.externaltools.gnu-tools-for-stm32.10.3-2021.10.macos64_1.0.200.202301161003/tools/bin/../lib/gcc/arm-none-eabi/10.3.1/../../../../arm-none-eabi/lib/thumb/v7e-m+fp/hard/libc_nano.a(lib_a-isattyr.o)
                0x0000000008009e6c                _isatty_r
 .text._lseek_r
                0x0000000008009e8c       0x24 /Applications/STM32CubeIDE.app/Contents/Eclipse/plugins/com.st.stm32cube.ide.mcu.externaltools.gnu-tools-for-stm32.10.3-2021.10.macos64_1.0.200.202301161003/tools/bin/../lib/gcc/arm-none-eabi/10.3.1/../../../../arm-none-eabi/lib/thumb/v7e-m+fp/hard/libc_nano.a(lib_a-lseekr.o)
                0x0000000008009e8c                _lseek_r
 .text.memmove  0x0000000008009eb0       0x34 /Applications/STM32CubeIDE.app/Contents/Eclipse/plugins/com.st.stm32cube.ide.mcu.externaltools.gnu-tools-for-stm32.10.3-2021.10.macos64_1.0.200.202301161003/tools/bin/../lib/gcc/arm-none-eabi/10.3.1/../../../../arm-none-eabi/lib/thumb/v7e-m+fp/hard/libc_nano.a(lib_a-memmove.o)
                0x0000000008009eb0                memmove
 .text.__malloc_lock
                0x0000000008009ee4        0xc /Applications/STM32CubeIDE.app/Contents/Eclipse/plugins/com.st.stm32cube.ide.mcu.externaltools.gnu-tools-for-stm32.10.3-2021.10.macos64_1.0.200.202301161003/tools/bin/../lib/gcc/arm-none-eabi/10.3.1/../../../../arm-none-eabi/lib/thumb/v7e-m+fp/hard/libc_nano.a(lib_a-mlock.o)
                0x0000000008009ee4                __malloc_lock
 .text.__malloc_unlock
                0x0000000008009ef0        0xc /Applications/STM32CubeIDE.app/Contents/Eclipse/plugins/com.st.stm32cube.ide.mcu.externaltools.gnu-tools-for-stm32.10.3-2021.10.macos64_1.0.200.202301161003/tools/bin/../lib/gcc/arm-none-eabi/10.3.1/../../../../arm-none-eabi/lib/thumb/v7e-m+fp/hard/libc_nano.a(lib_a-mlock.o)
                0x0000000008009ef0                __malloc_unlock
 .text._realloc_r
                0x0000000008009efc       0x5e /Applications/STM32CubeIDE.app/Contents/Eclipse/plugins/com.st.stm32cube.ide.mcu.externaltools.gnu-tools-for-stm32.10.3-2021.10.macos64_1.0.200.202301161003/tools/bin/../lib/gcc/arm-none-eabi/10.3.1/../../../../arm-none-eabi/lib/thumb/v7e-m+fp/hard/libc_nano.a(lib_a-nano-reallocr.o)
                0x0000000008009efc                _realloc_r
 *fill*         0x0000000008009f5a        0x2 
 .text._read_r  0x0000000008009f5c       0x24 /Applications/STM32CubeIDE.app/Contents/Eclipse/plugins/com.st.stm32cube.ide.mcu.externaltools.gnu-tools-for-stm32.10.3-2021.10.macos64_1.0.200.202301161003/tools/bin/../lib/gcc/arm-none-eabi/10.3.1/../../../../arm-none-eabi/lib/thumb/v7e-m+fp/hard/libc_nano.a(lib_a-readr.o)
                0x0000000008009f5c                _read_r
 .text._malloc_usable_size_r
                0x0000000008009f80       0x10 /Applications/STM32CubeIDE.app/Contents/Eclipse/plugins/com.st.stm32cube.ide.mcu.externaltools.gnu-tools-for-stm32.10.3-2021.10.macos64_1.0.200.202301161003/tools/bin/../lib/gcc/arm-none-eabi/10.3.1/../../../../arm-none-eabi/lib/thumb/v7e-m+fp/hard/libc_nano.a(lib_a-nano-msizer.o)
                0x0000000008009f80                _malloc_usable_size_r
 .text.floor    0x0000000008009f90      0x100 /Applications/STM32CubeIDE.app/Contents/Eclipse/plugins/com.st.stm32cube.ide.mcu.externaltools.gnu-tools-for-stm32.10.3-2021.10.macos64_1.0.200.202301161003/tools/bin/../lib/gcc/arm-none-eabi/10.3.1/../../../../arm-none-eabi/lib/thumb/v7e-m+fp/hard/libm.a(lib_a-s_floor.o)
                0x0000000008009f90                floor
 .text.trunc    0x000000000800a090       0x64 /Applications/STM32CubeIDE.app/Contents/Eclipse/plugins/com.st.stm32cube.ide.mcu.externaltools.gnu-tools-for-stm32.10.3-2021.10.macos64_1.0.200.202301161003/tools/bin/../lib/gcc/arm-none-eabi/10.3.1/../../../../arm-none-eabi/lib/thumb/v7e-m+fp/hard/libm.a(lib_a-s_trunc.o)
                0x000000000800a090                trunc
 .text.fmod     0x000000000800a0f4       0x5c /Applications/STM32CubeIDE.app/Contents/Eclipse/plugins/com.st.stm32cube.ide.mcu.externaltools.gnu-tools-for-stm32.10.3-2021.10.macos64_1.0.200.202301161003/tools/bin/../lib/gcc/arm-none-eabi/10.3.1/../../../../arm-none-eabi/lib/thumb/v7e-m+fp/hard/libm.a(lib_a-w_fmod.o)
                0x000000000800a0f4                fmod
 .text.__ieee754_fmod
                0x000000000800a150      0x224 /Applications/STM32CubeIDE.app/Contents/Eclipse/plugins/com.st.stm32cube.ide.mcu.externaltools.gnu-tools-for-stm32.10.3-2021.10.macos64_1.0.200.202301161003/tools/bin/../lib/gcc/arm-none-eabi/10.3.1/../../../../arm-none-eabi/lib/thumb/v7e-m+fp/hard/libm.a(lib_a-e_fmod.o)
                0x000000000800a150                __ieee754_fmod
 *(.glue_7)
 .glue_7        0x000000000800a374        0x0 linker stubs
 *(.glue_7t)
 .glue_7t       0x000000000800a374        0x0 linker stubs
 *(.eh_frame)
 .eh_frame      0x000000000800a374        0x0 /Applications/STM32CubeIDE.app/Contents/Eclipse/plugins/com.st.stm32cube.ide.mcu.externaltools.gnu-tools-for-stm32.10.3-2021.10.macos64_1.0.200.202301161003/tools/bin/../lib/gcc/arm-none-eabi/10.3.1/thumb/v7e-m+fp/hard/crtbegin.o
 *(.init)
 .init          0x000000000800a374        0x4 /Applications/STM32CubeIDE.app/Contents/Eclipse/plugins/com.st.stm32cube.ide.mcu.externaltools.gnu-tools-for-stm32.10.3-2021.10.macos64_1.0.200.202301161003/tools/bin/../lib/gcc/arm-none-eabi/10.3.1/thumb/v7e-m+fp/hard/crti.o
                0x000000000800a374                _init
 .init          0x000000000800a378        0x8 /Applications/STM32CubeIDE.app/Contents/Eclipse/plugins/com.st.stm32cube.ide.mcu.externaltools.gnu-tools-for-stm32.10.3-2021.10.macos64_1.0.200.202301161003/tools/bin/../lib/gcc/arm-none-eabi/10.3.1/thumb/v7e-m+fp/hard/crtn.o
 *(.fini)
 .fini          0x000000000800a380        0x4 /Applications/STM32CubeIDE.app/Contents/Eclipse/plugins/com.st.stm32cube.ide.mcu.externaltools.gnu-tools-for-stm32.10.3-2021.10.macos64_1.0.200.202301161003/tools/bin/../lib/gcc/arm-none-eabi/10.3.1/thumb/v7e-m+fp/hard/crti.o
                0x000000000800a380                _fini
 .fini          0x000000000800a384        0x8 /Applications/STM32CubeIDE.app/Contents/Eclipse/plugins/com.st.stm32cube.ide.mcu.externaltools.gnu-tools-for-stm32.10.3-2021.10.macos64_1.0.200.202301161003/tools/bin/../lib/gcc/arm-none-eabi/10.3.1/thumb/v7e-m+fp/hard/crtn.o
                0x000000000800a38c                . = ALIGN (0x4)
                0x000000000800a38c                _etext = .

.vfp11_veneer   0x000000000800a38c        0x0
 .vfp11_veneer  0x000000000800a38c        0x0 linker stubs

.v4_bx          0x000000000800a38c        0x0
 .v4_bx         0x000000000800a38c        0x0 linker stubs

.iplt           0x000000000800a38c        0x0
 .iplt          0x000000000800a38c        0x0 /Applications/STM32CubeIDE.app/Contents/Eclipse/plugins/com.st.stm32cube.ide.mcu.externaltools.gnu-tools-for-stm32.10.3-2021.10.macos64_1.0.200.202301161003/tools/bin/../lib/gcc/arm-none-eabi/10.3.1/thumb/v7e-m+fp/hard/crtbegin.o

.rodata         0x000000000800a390      0x430
                0x000000000800a390                . = ALIGN (0x4)
 *(.rodata)
 .rodata        0x000000000800a390      0x27f ./Core/Src/main.o
 *fill*         0x000000000800a60f        0x1 
 .rodata        0x000000000800a610       0x3b ./Drivers/BNO055/bno055.o
 *fill*         0x000000000800a64b        0x1 
 .rodata        0x000000000800a64c        0x5 ./Middlewares/Third_Party/FreeRTOS/Source/tasks.o
 *fill*         0x000000000800a651        0x3 
 .rodata        0x000000000800a654        0xd ./Middlewares/Third_Party/FreeRTOS/Source/timers.o
 *(.rodata*)
 *fill*         0x000000000800a661        0x3 
 .rodata.defaultTask_attributes
                0x000000000800a664       0x24 ./Core/Src/main.o
                0x000000000800a664                defaultTask_attributes
 .rodata.readIMU_attributes
                0x000000000800a688       0x24 ./Core/Src/main.o
                0x000000000800a688                readIMU_attributes
 .rodata.evaluatePID_attributes
                0x000000000800a6ac       0x24 ./Core/Src/main.o
                0x000000000800a6ac                evaluatePID_attributes
 .rodata.globalPos_attributes
                0x000000000800a6d0       0x10 ./Core/Src/main.o
                0x000000000800a6d0                globalPos_attributes
 .rodata.motorCommand_attributes
                0x000000000800a6e0       0x10 ./Core/Src/main.o
                0x000000000800a6e0                motorCommand_attributes
 .rodata.newOrientation_attributes
                0x000000000800a6f0       0x10 ./Core/Src/main.o
                0x000000000800a6f0                newOrientation_attributes
 .rodata.AHBPrescTable
                0x000000000800a700       0x10 ./Core/Src/system_stm32f4xx.o
                0x000000000800a700                AHBPrescTable
 .rodata.APBPrescTable
                0x000000000800a710        0x8 ./Core/Src/system_stm32f4xx.o
                0x000000000800a710                APBPrescTable
 .rodata._global_impure_ptr
                0x000000000800a718        0x4 /Applications/STM32CubeIDE.app/Contents/Eclipse/plugins/com.st.stm32cube.ide.mcu.externaltools.gnu-tools-for-stm32.10.3-2021.10.macos64_1.0.200.202301161003/tools/bin/../lib/gcc/arm-none-eabi/10.3.1/../../../../arm-none-eabi/lib/thumb/v7e-m+fp/hard/libc_nano.a(lib_a-impure.o)
                0x000000000800a718                _global_impure_ptr
 .rodata.__sf_fake_stderr
                0x000000000800a71c       0x20 /Applications/STM32CubeIDE.app/Contents/Eclipse/plugins/com.st.stm32cube.ide.mcu.externaltools.gnu-tools-for-stm32.10.3-2021.10.macos64_1.0.200.202301161003/tools/bin/../lib/gcc/arm-none-eabi/10.3.1/../../../../arm-none-eabi/lib/thumb/v7e-m+fp/hard/libc_nano.a(lib_a-findfp.o)
                0x000000000800a71c                __sf_fake_stderr
 .rodata.__sf_fake_stdin
                0x000000000800a73c       0x20 /Applications/STM32CubeIDE.app/Contents/Eclipse/plugins/com.st.stm32cube.ide.mcu.externaltools.gnu-tools-for-stm32.10.3-2021.10.macos64_1.0.200.202301161003/tools/bin/../lib/gcc/arm-none-eabi/10.3.1/../../../../arm-none-eabi/lib/thumb/v7e-m+fp/hard/libc_nano.a(lib_a-findfp.o)
                0x000000000800a73c                __sf_fake_stdin
 .rodata.__sf_fake_stdout
                0x000000000800a75c       0x20 /Applications/STM32CubeIDE.app/Contents/Eclipse/plugins/com.st.stm32cube.ide.mcu.externaltools.gnu-tools-for-stm32.10.3-2021.10.macos64_1.0.200.202301161003/tools/bin/../lib/gcc/arm-none-eabi/10.3.1/../../../../arm-none-eabi/lib/thumb/v7e-m+fp/hard/libc_nano.a(lib_a-findfp.o)
                0x000000000800a75c                __sf_fake_stdout
 .rodata._svfprintf_r.str1.1
                0x000000000800a77c       0x11 /Applications/STM32CubeIDE.app/Contents/Eclipse/plugins/com.st.stm32cube.ide.mcu.externaltools.gnu-tools-for-stm32.10.3-2021.10.macos64_1.0.200.202301161003/tools/bin/../lib/gcc/arm-none-eabi/10.3.1/../../../../arm-none-eabi/lib/thumb/v7e-m+fp/hard/libc_nano.a(lib_a-nano-svfprintf.o)
 .rodata._vfprintf_r.str1.1
                0x000000000800a78d       0x11 /Applications/STM32CubeIDE.app/Contents/Eclipse/plugins/com.st.stm32cube.ide.mcu.externaltools.gnu-tools-for-stm32.10.3-2021.10.macos64_1.0.200.202301161003/tools/bin/../lib/gcc/arm-none-eabi/10.3.1/../../../../arm-none-eabi/lib/thumb/v7e-m+fp/hard/libc_nano.a(lib_a-nano-vfprintf.o)
 .rodata._printf_i.str1.1
                0x000000000800a78d       0x22 /Applications/STM32CubeIDE.app/Contents/Eclipse/plugins/com.st.stm32cube.ide.mcu.externaltools.gnu-tools-for-stm32.10.3-2021.10.macos64_1.0.200.202301161003/tools/bin/../lib/gcc/arm-none-eabi/10.3.1/../../../../arm-none-eabi/lib/thumb/v7e-m+fp/hard/libc_nano.a(lib_a-nano-vfprintf_i.o)
 *fill*         0x000000000800a7af        0x1 
 .rodata.Zero   0x000000000800a7b0       0x10 /Applications/STM32CubeIDE.app/Contents/Eclipse/plugins/com.st.stm32cube.ide.mcu.externaltools.gnu-tools-for-stm32.10.3-2021.10.macos64_1.0.200.202301161003/tools/bin/../lib/gcc/arm-none-eabi/10.3.1/../../../../arm-none-eabi/lib/thumb/v7e-m+fp/hard/libm.a(lib_a-e_fmod.o)
                0x000000000800a7c0                . = ALIGN (0x4)

.ARM.extab      0x000000000800a7c0        0x0
                0x000000000800a7c0                . = ALIGN (0x4)
 *(.ARM.extab* .gnu.linkonce.armextab.*)
                0x000000000800a7c0                . = ALIGN (0x4)

.ARM            0x000000000800a7c0        0x8
                0x000000000800a7c0                . = ALIGN (0x4)
                0x000000000800a7c0                __exidx_start = .
 *(.ARM.exidx*)
 .ARM.exidx     0x000000000800a7c0        0x8 /Applications/STM32CubeIDE.app/Contents/Eclipse/plugins/com.st.stm32cube.ide.mcu.externaltools.gnu-tools-for-stm32.10.3-2021.10.macos64_1.0.200.202301161003/tools/bin/../lib/gcc/arm-none-eabi/10.3.1/thumb/v7e-m+fp/hard/libgcc.a(_udivmoddi4.o)
                0x000000000800a7c8                __exidx_end = .
                0x000000000800a7c8                . = ALIGN (0x4)

.rel.dyn        0x000000000800a7c8        0x0
 .rel.iplt      0x000000000800a7c8        0x0 /Applications/STM32CubeIDE.app/Contents/Eclipse/plugins/com.st.stm32cube.ide.mcu.externaltools.gnu-tools-for-stm32.10.3-2021.10.macos64_1.0.200.202301161003/tools/bin/../lib/gcc/arm-none-eabi/10.3.1/thumb/v7e-m+fp/hard/crtbegin.o

.preinit_array  0x000000000800a7c8        0x0
                0x000000000800a7c8                . = ALIGN (0x4)
                0x000000000800a7c8                PROVIDE (__preinit_array_start = .)
 *(.preinit_array*)
                0x000000000800a7c8                PROVIDE (__preinit_array_end = .)
                0x000000000800a7c8                . = ALIGN (0x4)

.init_array     0x000000000800a7c8        0x4
                0x000000000800a7c8                . = ALIGN (0x4)
                0x000000000800a7c8                PROVIDE (__init_array_start = .)
 *(SORT_BY_NAME(.init_array.*))
 *(.init_array*)
 .init_array    0x000000000800a7c8        0x4 /Applications/STM32CubeIDE.app/Contents/Eclipse/plugins/com.st.stm32cube.ide.mcu.externaltools.gnu-tools-for-stm32.10.3-2021.10.macos64_1.0.200.202301161003/tools/bin/../lib/gcc/arm-none-eabi/10.3.1/thumb/v7e-m+fp/hard/crtbegin.o
                0x000000000800a7cc                PROVIDE (__init_array_end = .)
                0x000000000800a7cc                . = ALIGN (0x4)

.fini_array     0x000000000800a7cc        0x4
                0x000000000800a7cc                . = ALIGN (0x4)
                [!provide]                        PROVIDE (__fini_array_start = .)
 *(SORT_BY_NAME(.fini_array.*))
 *(.fini_array*)
 .fini_array    0x000000000800a7cc        0x4 /Applications/STM32CubeIDE.app/Contents/Eclipse/plugins/com.st.stm32cube.ide.mcu.externaltools.gnu-tools-for-stm32.10.3-2021.10.macos64_1.0.200.202301161003/tools/bin/../lib/gcc/arm-none-eabi/10.3.1/thumb/v7e-m+fp/hard/crtbegin.o
                [!provide]                        PROVIDE (__fini_array_end = .)
                0x000000000800a7d0                . = ALIGN (0x4)
                0x000000000800a7d0                _sidata = LOADADDR (.data)

.data           0x0000000020000000       0x80 load address 0x000000000800a7d0
                0x0000000020000000                . = ALIGN (0x4)
                0x0000000020000000                _sdata = .
 *(.data)
 *(.data*)
 .data.SystemCoreClock
                0x0000000020000000        0x4 ./Core/Src/system_stm32f4xx.o
                0x0000000020000000                SystemCoreClock
 .data.accelScale
                0x0000000020000004        0x2 ./Drivers/BNO055/bno055.o
                0x0000000020000004                accelScale
 .data.angularRateScale
                0x0000000020000006        0x2 ./Drivers/BNO055/bno055.o
                0x0000000020000006                angularRateScale
 .data.eulerScale
                0x0000000020000008        0x2 ./Drivers/BNO055/bno055.o
                0x0000000020000008                eulerScale
 .data.magScale
                0x000000002000000a        0x2 ./Drivers/BNO055/bno055.o
                0x000000002000000a                magScale
 .data.quaScale
                0x000000002000000c        0x2 ./Drivers/BNO055/bno055.o
                0x000000002000000c                quaScale
 *fill*         0x000000002000000e        0x2 
 .data.uwTickPrio
                0x0000000020000010        0x4 ./Drivers/STM32F4xx_HAL_Driver/Src/stm32f4xx_hal.o
                0x0000000020000010                uwTickPrio
 .data.uwTickFreq
                0x0000000020000014        0x1 ./Drivers/STM32F4xx_HAL_Driver/Src/stm32f4xx_hal.o
                0x0000000020000014                uwTickFreq
 *fill*         0x0000000020000015        0x3 
 .data.uxCriticalNesting
                0x0000000020000018        0x4 ./Middlewares/Third_Party/FreeRTOS/Source/portable/GCC/ARM_CM4F/port.o
 .data._impure_ptr
                0x000000002000001c        0x4 /Applications/STM32CubeIDE.app/Contents/Eclipse/plugins/com.st.stm32cube.ide.mcu.externaltools.gnu-tools-for-stm32.10.3-2021.10.macos64_1.0.200.202301161003/tools/bin/../lib/gcc/arm-none-eabi/10.3.1/../../../../arm-none-eabi/lib/thumb/v7e-m+fp/hard/libc_nano.a(lib_a-impure.o)
                0x000000002000001c                _impure_ptr
 .data.impure_data
                0x0000000020000020       0x60 /Applications/STM32CubeIDE.app/Contents/Eclipse/plugins/com.st.stm32cube.ide.mcu.externaltools.gnu-tools-for-stm32.10.3-2021.10.macos64_1.0.200.202301161003/tools/bin/../lib/gcc/arm-none-eabi/10.3.1/../../../../arm-none-eabi/lib/thumb/v7e-m+fp/hard/libc_nano.a(lib_a-impure.o)
 *(.RamFunc)
 *(.RamFunc*)
                0x0000000020000080                . = ALIGN (0x4)
                0x0000000020000080                _edata = .

.igot.plt       0x0000000020000080        0x0 load address 0x000000000800a850
 .igot.plt      0x0000000020000080        0x0 /Applications/STM32CubeIDE.app/Contents/Eclipse/plugins/com.st.stm32cube.ide.mcu.externaltools.gnu-tools-for-stm32.10.3-2021.10.macos64_1.0.200.202301161003/tools/bin/../lib/gcc/arm-none-eabi/10.3.1/thumb/v7e-m+fp/hard/crtbegin.o
                0x0000000020000080                . = ALIGN (0x4)

.bss            0x0000000020000080     0x4ad0 load address 0x000000000800a850
                0x0000000020000080                _sbss = .
                0x0000000020000080                __bss_start__ = _sbss
 *(.bss)
 .bss           0x0000000020000080       0x1c /Applications/STM32CubeIDE.app/Contents/Eclipse/plugins/com.st.stm32cube.ide.mcu.externaltools.gnu-tools-for-stm32.10.3-2021.10.macos64_1.0.200.202301161003/tools/bin/../lib/gcc/arm-none-eabi/10.3.1/thumb/v7e-m+fp/hard/crtbegin.o
 *(.bss*)
 .bss._bno055_i2c_port
                0x000000002000009c        0x4 ./Core/Src/main.o
                0x000000002000009c                _bno055_i2c_port
 .bss.hi2c1     0x00000000200000a0       0x54 ./Core/Src/main.o
                0x00000000200000a0                hi2c1
 .bss.huart2    0x00000000200000f4       0x44 ./Core/Src/main.o
                0x00000000200000f4                huart2
 .bss.defaultTaskHandle
                0x0000000020000138        0x4 ./Core/Src/main.o
                0x0000000020000138                defaultTaskHandle
 .bss.readIMUHandle
                0x000000002000013c        0x4 ./Core/Src/main.o
                0x000000002000013c                readIMUHandle
 .bss.evaluatePIDHandle
                0x0000000020000140        0x4 ./Core/Src/main.o
                0x0000000020000140                evaluatePIDHandle
 .bss.globalPosHandle
                0x0000000020000144        0x4 ./Core/Src/main.o
                0x0000000020000144                globalPosHandle
 .bss.motorCommandHandle
                0x0000000020000148        0x4 ./Core/Src/main.o
                0x0000000020000148                motorCommandHandle
 .bss.newOrientationHandle
                0x000000002000014c        0x4 ./Core/Src/main.o
                0x000000002000014c                newOrientationHandle
 .bss.tvPos     0x0000000020000150       0x28 ./Core/Src/main.o
                0x0000000020000150                tvPos
 .bss.tvMotorCommand
                0x0000000020000178       0x28 ./Core/Src/main.o
                0x0000000020000178                tvMotorCommand
 .bss.htim10    0x00000000200001a0       0x48 ./Core/Src/stm32f4xx_hal_timebase_tim.o
                0x00000000200001a0                htim10
 .bss.__sbrk_heap_end
                0x00000000200001e8        0x4 ./Core/Src/sysmem.o
 .bss.uwTick    0x00000000200001ec        0x4 ./Drivers/STM32F4xx_HAL_Driver/Src/stm32f4xx_hal.o
                0x00000000200001ec                uwTick
 .bss.KernelState
                0x00000000200001f0        0x4 ./Middlewares/Third_Party/FreeRTOS/Source/CMSIS_RTOS_V2/cmsis_os2.o
 .bss.Idle_TCB.3
                0x00000000200001f4       0x5c ./Middlewares/Third_Party/FreeRTOS/Source/CMSIS_RTOS_V2/cmsis_os2.o
 .bss.Idle_Stack.2
                0x0000000020000250      0x200 ./Middlewares/Third_Party/FreeRTOS/Source/CMSIS_RTOS_V2/cmsis_os2.o
 .bss.Timer_TCB.1
                0x0000000020000450       0x5c ./Middlewares/Third_Party/FreeRTOS/Source/CMSIS_RTOS_V2/cmsis_os2.o
 .bss.Timer_Stack.0
                0x00000000200004ac      0x400 ./Middlewares/Third_Party/FreeRTOS/Source/CMSIS_RTOS_V2/cmsis_os2.o
 .bss.xQueueRegistry
                0x00000000200008ac       0x40 ./Middlewares/Third_Party/FreeRTOS/Source/queue.o
                0x00000000200008ac                xQueueRegistry
 .bss.pxCurrentTCB
                0x00000000200008ec        0x4 ./Middlewares/Third_Party/FreeRTOS/Source/tasks.o
                0x00000000200008ec                pxCurrentTCB
 .bss.pxReadyTasksLists
                0x00000000200008f0      0x460 ./Middlewares/Third_Party/FreeRTOS/Source/tasks.o
 .bss.xDelayedTaskList1
                0x0000000020000d50       0x14 ./Middlewares/Third_Party/FreeRTOS/Source/tasks.o
 .bss.xDelayedTaskList2
                0x0000000020000d64       0x14 ./Middlewares/Third_Party/FreeRTOS/Source/tasks.o
 .bss.pxDelayedTaskList
                0x0000000020000d78        0x4 ./Middlewares/Third_Party/FreeRTOS/Source/tasks.o
 .bss.pxOverflowDelayedTaskList
                0x0000000020000d7c        0x4 ./Middlewares/Third_Party/FreeRTOS/Source/tasks.o
 .bss.xPendingReadyList
                0x0000000020000d80       0x14 ./Middlewares/Third_Party/FreeRTOS/Source/tasks.o
 .bss.xTasksWaitingTermination
                0x0000000020000d94       0x14 ./Middlewares/Third_Party/FreeRTOS/Source/tasks.o
 .bss.uxDeletedTasksWaitingCleanUp
                0x0000000020000da8        0x4 ./Middlewares/Third_Party/FreeRTOS/Source/tasks.o
 .bss.xSuspendedTaskList
                0x0000000020000dac       0x14 ./Middlewares/Third_Party/FreeRTOS/Source/tasks.o
 .bss.uxCurrentNumberOfTasks
                0x0000000020000dc0        0x4 ./Middlewares/Third_Party/FreeRTOS/Source/tasks.o
 .bss.xTickCount
                0x0000000020000dc4        0x4 ./Middlewares/Third_Party/FreeRTOS/Source/tasks.o
 .bss.uxTopReadyPriority