/Users/jowallace/STM32CubeIDE/workspace_1.12.0/nucleo-f401re-controller/Drivers/BNO055/bno055_stm32.h:20:6:bno055_assignI2C	16	static
/Users/jowallace/STM32CubeIDE/workspace_1.12.0/nucleo-f401re-controller/Drivers/BNO055/bno055_stm32.h:24:6:bno055_delay	16	static
/Users/jowallace/STM32CubeIDE/workspace_1.12.0/nucleo-f401re-controller/Drivers/BNO055/bno055_stm32.h:32:6:bno055_writeData	40	static
/Users/jowallace/STM32CubeIDE/workspace_1.12.0/nucleo-f401re-controller/Drivers/BNO055/bno055_stm32.h:96:6:bno055_readData	24	static
../Core/Src/main.c:120:13:tvec_toString	72	static
../Core/Src/main.c:134:5:_write	24	static
../Core/Src/main.c:140:5:__io_putchar	16	static
../Core/Src/main.c:147:8:dSign	16	static
../Core/Src/main.c:159:5:main	8	static
../Core/Src/main.c:253:6:SystemClock_Config	88	static
../Core/Src/main.c:300:13:MX_I2C1_Init	8	static
../Core/Src/main.c:334:13:MX_USART2_UART_Init	8	static
../Core/Src/main.c:367:13:MX_GPIO_Init	48	static
../Core/Src/main.c:410:6:StartDefaultTask	264	static
../Core/Src/main.c:442:6:ReadIMU	24	static
../Core/Src/main.c:472:6:EvaluatePID	264	static
../Core/Src/main.c:547:6:HAL_TIM_PeriodElapsedCallback	16	static
../Core/Src/main.c:564:6:Error_Handler	4	static,ignoring_inline_asm
