../Drivers/BNO055/bno055.c:12:6:bno055_setPage	16	static
../Drivers/BNO055/bno055.c:14:17:bno055_getOperationMode	16	static
../Drivers/BNO055/bno055.c:20:6:bno055_setOperationMode	16	static
../Drivers/BNO055/bno055.c:29:6:bno055_setOperationModeConfig	8	static
../Drivers/BNO055/bno055.c:33:6:bno055_setOperationModeNDOF	8	static
../Drivers/BNO055/bno055.c:37:6:bno055_setExternalCrystalUse	24	static
../Drivers/BNO055/bno055.c:46:6:bno055_enableExternalCrystal	8	static
../Drivers/BNO055/bno055.c:47:6:bno055_disableExternalCrystal	8	static
../Drivers/BNO055/bno055.c:49:6:bno055_reset	8	static
../Drivers/BNO055/bno055.c:54:8:bno055_getTemp	16	static
../Drivers/BNO055/bno055.c:61:6:bno055_setup	16	static
../Drivers/BNO055/bno055.c:77:9:bno055_getSWRevision	16	static
../Drivers/BNO055/bno055.c:84:9:bno055_getBootloaderRevision	16	static
../Drivers/BNO055/bno055.c:91:9:bno055_getSystemStatus	16	static
../Drivers/BNO055/bno055.c:98:27:bno055_getSelfTestResult	24	static
../Drivers/BNO055/bno055.c:111:9:bno055_getSystemError	16	static
../Drivers/BNO055/bno055.c:118:28:bno055_getCalibrationState	24	static
../Drivers/BNO055/bno055.c:131:27:bno055_getCalibrationData	72	static
../Drivers/BNO055/bno055.c:152:6:bno055_setCalibrationData	32	static
../Drivers/BNO055/bno055.c:173:17:bno055_getVector	144	static
../Drivers/BNO055/bno055.c:212:17:bno055_getVectorAccelerometer	88	static
../Drivers/BNO055/bno055.c:215:17:bno055_getVectorMagnetometer	88	static
../Drivers/BNO055/bno055.c:218:17:bno055_getVectorGyroscope	88	static
../Drivers/BNO055/bno055.c:221:17:bno055_getVectorEuler	88	static
../Drivers/BNO055/bno055.c:224:17:bno055_getVectorLinearAccel	88	static
../Drivers/BNO055/bno055.c:227:17:bno055_getVectorGravity	88	static
../Drivers/BNO055/bno055.c:230:17:bno055_getVectorQuaternion	88	static
../Drivers/BNO055/bno055.c:234:6:bno055_setAxisMap	24	static
